

================================================================
== Vivado HLS Report for 'tanh_LUT'
================================================================
* Date:           Thu Aug 23 18:03:56 2018

* Version:        2016.4 (Build 1756540 on Mon Jan 23 19:31:01 MST 2017)
* Project:        hls_prop
* Solution:       solution1
* Product family: virtex7
* Target device:  xc7vx690tffg1927-2


================================================================
== Performance Estimates
================================================================
+ Timing (ns): 
    * Summary: 
    +--------+-------+----------+------------+
    |  Clock | Target| Estimated| Uncertainty|
    +--------+-------+----------+------------+
    |ap_clk  |   4.11|      3.49|        0.51|
    +--------+-------+----------+------------+

+ Latency (clock cycles): 
    * Summary: 
    +-----+-----+-----+-----+----------+
    |  Latency  |  Interval | Pipeline |
    | min | max | min | max |   Type   |
    +-----+-----+-----+-----+----------+
    |    6|    6|    1|    1| function |
    +-----+-----+-----+-----+----------+

    + Detail: 
        * Instance: 
        N/A

        * Loop: 
        N/A

============================================================
+ Verbose Summary: Synthesis Manager
============================================================
InlineROM: 1
ExposeGlobal: 0
============================================================
+ Verbose Summary: CDFG Model
============================================================
IsTopModel: 0
ResetActiveHigh: 1
IsCombinational: 0
IsDatapathOnly: 0
HasWiredReturn: 1
HasMFsm: 2
HasVarLatency: 0
IsPipeline: 1
IsRtlPipelined: 1
IsInstanceOverlapped: 0
IsDontTouch: 0
HasImplIP: 0
IsGatedGlobalClock: 0

+ Individual pipeline summary: 
  * Pipeline-0: initiation interval (II) = 1, depth = 7


============================================================
+ Verbose Summary: Schedule
============================================================
* Number of FSM states: 7
* Pipeline: 1
  Pipeline-0: II = 1, D = 7, States = { 1 2 3 4 5 6 7 }
* Dataflow Pipeline: 0

* FSM state transitions: 
1 --> 
	2  / true
2 --> 
	3  / true
3 --> 
	4  / true
4 --> 
	5  / true
5 --> 
	6  / true
6 --> 
	7  / true
7 --> 
* FSM state operations: 

 <State 1>: 2.94ns
ST_1: data_V_read_1 (3)  [1/1] 0.00ns
_ZNK13ap_fixed_baseILi80ELi70ELb1EL9ap_q_mode5EL9ap_o_mode3ELi0EEcviEv.exit_ifconv:0  %data_V_read_1 = call i13 @_ssdm_op_Read.ap_auto.i13(i13 %data_V_read)

ST_1: sext_cast (5)  [1/1] 0.00ns  loc: src/tk-mu_simple.h:280
_ZNK13ap_fixed_baseILi80ELi70ELb1EL9ap_q_mode5EL9ap_o_mode3ELi0EEcviEv.exit_ifconv:2  %sext_cast = sext i13 %data_V_read_1 to i29

ST_1: mul (6)  [3/3] 2.94ns  loc: src/tk-mu_simple.h:280
_ZNK13ap_fixed_baseILi80ELi70ELb1EL9ap_q_mode5EL9ap_o_mode3ELi0EEcviEv.exit_ifconv:3  %mul = mul i29 21846, %sext_cast

ST_1: tmp_6 (9)  [1/1] 0.00ns  loc: src/tk-mu_simple.h:280
_ZNK13ap_fixed_baseILi80ELi70ELb1EL9ap_q_mode5EL9ap_o_mode3ELi0EEcviEv.exit_ifconv:6  %tmp_6 = call i1 @_ssdm_op_BitSelect.i1.i13.i32(i13 %data_V_read_1, i32 12)


 <State 2>: 2.94ns
ST_2: mul (6)  [2/3] 2.94ns  loc: src/tk-mu_simple.h:280
_ZNK13ap_fixed_baseILi80ELi70ELb1EL9ap_q_mode5EL9ap_o_mode3ELi0EEcviEv.exit_ifconv:3  %mul = mul i29 21846, %sext_cast


 <State 3>: 0.00ns
ST_3: mul (6)  [1/3] 0.00ns  loc: src/tk-mu_simple.h:280
_ZNK13ap_fixed_baseILi80ELi70ELb1EL9ap_q_mode5EL9ap_o_mode3ELi0EEcviEv.exit_ifconv:3  %mul = mul i29 21846, %sext_cast

ST_3: tmp_1 (7)  [1/1] 0.00ns  loc: src/tk-mu_simple.h:280
_ZNK13ap_fixed_baseILi80ELi70ELb1EL9ap_q_mode5EL9ap_o_mode3ELi0EEcviEv.exit_ifconv:4  %tmp_1 = trunc i29 %mul to i28

ST_3: tmp_8 (12)  [1/1] 0.00ns  loc: src/tk-mu_simple.h:280
_ZNK13ap_fixed_baseILi80ELi70ELb1EL9ap_q_mode5EL9ap_o_mode3ELi0EEcviEv.exit_ifconv:9  %tmp_8 = call i13 @_ssdm_op_PartSelect.i13.i29.i32.i32(i29 %mul, i32 16, i32 28)


 <State 4>: 1.57ns
ST_4: neg_mul (8)  [1/1] 1.57ns  loc: src/tk-mu_simple.h:280
_ZNK13ap_fixed_baseILi80ELi70ELb1EL9ap_q_mode5EL9ap_o_mode3ELi0EEcviEv.exit_ifconv:5  %neg_mul = sub i28 0, %tmp_1

ST_4: tmp_7 (10)  [1/1] 0.00ns  loc: src/tk-mu_simple.h:280
_ZNK13ap_fixed_baseILi80ELi70ELb1EL9ap_q_mode5EL9ap_o_mode3ELi0EEcviEv.exit_ifconv:7  %tmp_7 = call i12 @_ssdm_op_PartSelect.i12.i28.i32.i32(i28 %neg_mul, i32 16, i32 27)


 <State 5>: 3.49ns
ST_5: tmp (11)  [1/1] 0.00ns  loc: src/tk-mu_simple.h:280
_ZNK13ap_fixed_baseILi80ELi70ELb1EL9ap_q_mode5EL9ap_o_mode3ELi0EEcviEv.exit_ifconv:8  %tmp = sext i12 %tmp_7 to i15

ST_5: tmp_5 (13)  [1/1] 0.00ns  loc: src/tk-mu_simple.h:280
_ZNK13ap_fixed_baseILi80ELi70ELb1EL9ap_q_mode5EL9ap_o_mode3ELi0EEcviEv.exit_ifconv:10  %tmp_5 = sext i13 %tmp_8 to i15

ST_5: p_v (14)  [1/1] 0.71ns  loc: src/tk-mu_simple.h:280
_ZNK13ap_fixed_baseILi80ELi70ELb1EL9ap_q_mode5EL9ap_o_mode3ELi0EEcviEv.exit_ifconv:11  %p_v = select i1 %tmp_6, i15 %tmp, i15 %tmp_5

ST_5: tmp_10 (15)  [1/1] 0.00ns  loc: src/tk-mu_simple.h:280
_ZNK13ap_fixed_baseILi80ELi70ELb1EL9ap_q_mode5EL9ap_o_mode3ELi0EEcviEv.exit_ifconv:12  %tmp_10 = trunc i15 %p_v to i13

ST_5: neg_ti (16)  [1/1] 1.39ns  loc: src/tk-mu_simple.h:280
_ZNK13ap_fixed_baseILi80ELi70ELb1EL9ap_q_mode5EL9ap_o_mode3ELi0EEcviEv.exit_ifconv:13  %neg_ti = sub i13 0, %tmp_10

ST_5: tmp_11 (17)  [1/1] 0.00ns  loc: src/tk-mu_simple.h:280 (grouped into LUT with out node r_V)
_ZNK13ap_fixed_baseILi80ELi70ELb1EL9ap_q_mode5EL9ap_o_mode3ELi0EEcviEv.exit_ifconv:14  %tmp_11 = trunc i15 %p_v to i13

ST_5: tmp_9 (18)  [1/1] 0.00ns  loc: src/tk-mu_simple.h:280 (grouped into LUT with out node r_V)
_ZNK13ap_fixed_baseILi80ELi70ELb1EL9ap_q_mode5EL9ap_o_mode3ELi0EEcviEv.exit_ifconv:15  %tmp_9 = select i1 %tmp_6, i13 %neg_ti, i13 %tmp_11

ST_5: r_V (19)  [1/1] 1.39ns  loc: src/tk-mu_simple.h:280 (out node of the LUT)
_ZNK13ap_fixed_baseILi80ELi70ELb1EL9ap_q_mode5EL9ap_o_mode3ELi0EEcviEv.exit_ifconv:16  %r_V = sub i13 1024, %tmp_9

ST_5: tmp_12 (22)  [1/1] 0.00ns  loc: src/tk-mu_simple.h:282
_ZNK13ap_fixed_baseILi80ELi70ELb1EL9ap_q_mode5EL9ap_o_mode3ELi0EEcviEv.exit_ifconv:19  %tmp_12 = call i1 @_ssdm_op_BitSelect.i1.i13.i32(i13 %r_V, i32 12)

ST_5: tmp_13 (23)  [1/1] 0.00ns  loc: src/tk-mu_simple.h:283
_ZNK13ap_fixed_baseILi80ELi70ELb1EL9ap_q_mode5EL9ap_o_mode3ELi0EEcviEv.exit_ifconv:20  %tmp_13 = call i3 @_ssdm_op_PartSelect.i3.i13.i32.i32(i13 %r_V, i32 10, i32 12)


 <State 6>: 2.39ns
ST_6: tmp_2 (20)  [1/1] 0.00ns  loc: src/tk-mu_simple.h:280
_ZNK13ap_fixed_baseILi80ELi70ELb1EL9ap_q_mode5EL9ap_o_mode3ELi0EEcviEv.exit_ifconv:17  %tmp_2 = call i16 @_ssdm_op_BitConcatenate.i16.i13.i3(i13 %r_V, i3 0)

ST_6: index (21)  [1/1] 0.00ns  loc: src/tk-mu_simple.h:280
_ZNK13ap_fixed_baseILi80ELi70ELb1EL9ap_q_mode5EL9ap_o_mode3ELi0EEcviEv.exit_ifconv:18  %index = sext i16 %tmp_2 to i32

ST_6: icmp (24)  [1/1] 0.94ns  loc: src/tk-mu_simple.h:283
_ZNK13ap_fixed_baseILi80ELi70ELb1EL9ap_q_mode5EL9ap_o_mode3ELi0EEcviEv.exit_ifconv:21  %icmp = icmp sgt i3 %tmp_13, 0

ST_6: tmp_3 (25)  [1/1] 0.00ns  loc: src/tk-mu_simple.h:284
_ZNK13ap_fixed_baseILi80ELi70ELb1EL9ap_q_mode5EL9ap_o_mode3ELi0EEcviEv.exit_ifconv:22  %tmp_3 = zext i32 %index to i64

ST_6: tanh_table2_addr (26)  [1/1] 0.00ns  loc: src/tk-mu_simple.h:284
_ZNK13ap_fixed_baseILi80ELi70ELb1EL9ap_q_mode5EL9ap_o_mode3ELi0EEcviEv.exit_ifconv:23  %tanh_table2_addr = getelementptr [8192 x i10]* @tanh_table2, i64 0, i64 %tmp_3

ST_6: tanh_table2_load (27)  [2/2] 2.39ns  loc: src/tk-mu_simple.h:284
_ZNK13ap_fixed_baseILi80ELi70ELb1EL9ap_q_mode5EL9ap_o_mode3ELi0EEcviEv.exit_ifconv:24  %tanh_table2_load = load i10* %tanh_table2_addr, align 2


 <State 7>: 3.10ns
ST_7: StgValue_34 (4)  [1/1] 0.00ns  loc: src/tk-mu_simple.h:277
_ZNK13ap_fixed_baseILi80ELi70ELb1EL9ap_q_mode5EL9ap_o_mode3ELi0EEcviEv.exit_ifconv:1  call void (...)* @_ssdm_op_SpecPipeline(i32 -1, i32 1, i32 1, i32 0, [1 x i8]* @p_str) nounwind

ST_7: tanh_table2_load (27)  [1/2] 2.39ns  loc: src/tk-mu_simple.h:284
_ZNK13ap_fixed_baseILi80ELi70ELb1EL9ap_q_mode5EL9ap_o_mode3ELi0EEcviEv.exit_ifconv:24  %tanh_table2_load = load i10* %tanh_table2_addr, align 2

ST_7: sel_tmp1 (28)  [1/1] 0.00ns  loc: src/tk-mu_simple.h:282 (grouped into LUT with out node sel_tmp2)
_ZNK13ap_fixed_baseILi80ELi70ELb1EL9ap_q_mode5EL9ap_o_mode3ELi0EEcviEv.exit_ifconv:25  %sel_tmp1 = xor i1 %tmp_12, true

ST_7: sel_tmp2 (29)  [1/1] 0.71ns  loc: src/tk-mu_simple.h:283 (out node of the LUT)
_ZNK13ap_fixed_baseILi80ELi70ELb1EL9ap_q_mode5EL9ap_o_mode3ELi0EEcviEv.exit_ifconv:26  %sel_tmp2 = and i1 %icmp, %sel_tmp1

ST_7: sel_tmp_cast (30)  [1/1] 0.00ns  loc: src/tk-mu_simple.h:284 (grouped into LUT with out node ssdm_int_V_write_ass)
_ZNK13ap_fixed_baseILi80ELi70ELb1EL9ap_q_mode5EL9ap_o_mode3ELi0EEcviEv.exit_ifconv:27  %sel_tmp_cast = select i1 %sel_tmp2, i10 0, i10 -6

ST_7: tmp_4 (31)  [1/1] 0.00ns  loc: src/tk-mu_simple.h:284 (grouped into LUT with out node ssdm_int_V_write_ass)
_ZNK13ap_fixed_baseILi80ELi70ELb1EL9ap_q_mode5EL9ap_o_mode3ELi0EEcviEv.exit_ifconv:28  %tmp_4 = or i1 %sel_tmp2, %tmp_12

ST_7: ssdm_int_V_write_ass (32)  [1/1] 0.71ns  loc: src/tk-mu_simple.h:284 (out node of the LUT)
_ZNK13ap_fixed_baseILi80ELi70ELb1EL9ap_q_mode5EL9ap_o_mode3ELi0EEcviEv.exit_ifconv:29  %ssdm_int_V_write_ass = select i1 %tmp_4, i10 %sel_tmp_cast, i10 %tanh_table2_load

ST_7: StgValue_41 (33)  [1/1] 0.00ns  loc: src/tk-mu_simple.h:286
_ZNK13ap_fixed_baseILi80ELi70ELb1EL9ap_q_mode5EL9ap_o_mode3ELi0EEcviEv.exit_ifconv:30  ret i10 %ssdm_int_V_write_ass



============================================================
+ Verbose Summary: Timing violations
============================================================
Target clock period: 4.11ns, clock uncertainty: 0.514ns.

 <State 1>: 2.94ns
The critical path consists of the following:
	wire read on port 'data_V_read' [3]  (0 ns)
	'mul' operation ('mul', src/tk-mu_simple.h:280) [6]  (2.94 ns)

 <State 2>: 2.94ns
The critical path consists of the following:
	'mul' operation ('mul', src/tk-mu_simple.h:280) [6]  (2.94 ns)

 <State 3>: 0ns
The critical path consists of the following:

 <State 4>: 1.57ns
The critical path consists of the following:
	'sub' operation ('neg_mul', src/tk-mu_simple.h:280) [8]  (1.57 ns)

 <State 5>: 3.49ns
The critical path consists of the following:
	'select' operation ('p_v', src/tk-mu_simple.h:280) [14]  (0.71 ns)
	'sub' operation ('neg_ti', src/tk-mu_simple.h:280) [16]  (1.39 ns)
	'select' operation ('tmp_9', src/tk-mu_simple.h:280) [18]  (0 ns)
	'sub' operation ('r_V', src/tk-mu_simple.h:280) [19]  (1.39 ns)

 <State 6>: 2.39ns
The critical path consists of the following:
	'getelementptr' operation ('tanh_table2_addr', src/tk-mu_simple.h:284) [26]  (0 ns)
	'load' operation ('tanh_table2_load', src/tk-mu_simple.h:284) on array 'tanh_table2' [27]  (2.39 ns)

 <State 7>: 3.1ns
The critical path consists of the following:
	'load' operation ('tanh_table2_load', src/tk-mu_simple.h:284) on array 'tanh_table2' [27]  (2.39 ns)
	'select' operation ('ssdm_int<14 + 1024 * 0, true>.V', src/tk-mu_simple.h:284) [32]  (0.71 ns)


============================================================
+ Verbose Summary: Binding
============================================================
N/A
* FSMD analyzer results:
  - Output states:
 - Input state : 
  - Chain level:
	State 1
	State 2
	State 3
	State 4
	State 5
	State 6
	State 7


============================================================
+ Verbose Summary: Datapath Resource usage 
============================================================
N/A
