

================================================================
== Vivado HLS Report for 'tkmu_simple_hw'
================================================================
* Date:           Tue May 22 02:47:29 2018

* Version:        2016.4 (Build 1756540 on Mon Jan 23 19:31:01 MST 2017)
* Project:        tkmu_proj0
* Solution:       solution1
* Product family: virtex7
* Target device:  xc7vx690tffg1927-2


================================================================
== Performance Estimates
================================================================
+ Timing (ns): 
    * Summary: 
    +--------+-------+----------+------------+
    |  Clock | Target| Estimated| Uncertainty|
    +--------+-------+----------+------------+
    |ap_clk  |   5.00|      4.89|        0.62|
    +--------+-------+----------+------------+

+ Latency (clock cycles): 
    * Summary: 
    +-----+-----+-----+-----+---------+
    |  Latency  |  Interval | Pipeline|
    | min | max | min | max |   Type  |
    +-----+-----+-----+-----+---------+
    |  104|  141|  105|  142|   none  |
    +-----+-----+-----+-----+---------+

    + Detail: 
        * Instance: 
        +----------------------------+-----------------+-----+-----+-----+-----+----------+
        |                            |                 |  Latency  |  Interval | Pipeline |
        |          Instance          |      Module     | min | max | min | max |   Type   |
        +----------------------------+-----------------+-----+-----+-----+-----+----------+
        |grp_tanh_fu_712             |tanh             |   10|   10|    1|    1| function |
        |grp_arcsinh_fu_719          |arcsinh          |   10|   10|    1|    1| function |
        |grp_delta_LUT_fu_727        |delta_LUT        |    7|    7|    1|    1| function |
        |grp_delta_plus_LUT_fu_736   |delta_plus_LUT   |    7|    7|    1|    1| function |
        |grp_delta_minus_LUT_fu_745  |delta_minus_LUT  |    7|    7|    1|    1| function |
        |grp_deta_LUT_fu_754         |deta_LUT         |    7|    7|    1|    1| function |
        |grp_invCosh_fu_762          |invCosh          |    7|    7|    1|    1| function |
        |grp_invCosh_1_fu_770        |invCosh_1        |    6|    6|    1|    1| function |
        +----------------------------+-----------------+-----+-----+-----+-----+----------+

        * Loop: 
        N/A



================================================================
== Utilization Estimates
================================================================
* Summary: 
+-----------------+---------+-------+--------+--------+
|       Name      | BRAM_18K| DSP48E|   FF   |   LUT  |
+-----------------+---------+-------+--------+--------+
|DSP              |        -|      7|       -|       -|
|Expression       |        -|      -|       0|    4426|
|FIFO             |        -|      -|       -|       -|
|Instance         |       30|     38|    1655|    2333|
|Memory           |        -|      -|       -|       -|
|Multiplexer      |        -|      -|       -|    1177|
|Register         |        -|      -|    2101|       -|
+-----------------+---------+-------+--------+--------+
|Total            |       30|     45|    3756|    7936|
+-----------------+---------+-------+--------+--------+
|Available        |     2940|   3600|  866400|  433200|
+-----------------+---------+-------+--------+--------+
|Utilization (%)  |        1|      1|   ~0   |       1|
+-----------------+---------+-------+--------+--------+

+ Detail: 
    * Instance: 
    +----------------------------+----------------------+---------+-------+-----+-----+
    |          Instance          |        Module        | BRAM_18K| DSP48E|  FF | LUT |
    +----------------------------+----------------------+---------+-------+-----+-----+
    |grp_arcsinh_fu_719          |arcsinh               |        6|      4|  142|  279|
    |grp_delta_LUT_fu_727        |delta_LUT             |        1|      2|   99|  238|
    |grp_delta_minus_LUT_fu_745  |delta_minus_LUT       |        1|      2|   99|  226|
    |grp_delta_plus_LUT_fu_736   |delta_plus_LUT        |        1|      2|   99|  226|
    |grp_deta_LUT_fu_754         |deta_LUT              |        1|      2|   99|  225|
    |grp_invCosh_fu_762          |invCosh               |        9|      2|   86|  157|
    |grp_invCosh_1_fu_770        |invCosh_1             |        6|      2|   24|   38|
    |grp_tanh_fu_712             |tanh                  |        5|      4|  199|  270|
    |tkmu_simple_hw_dmmb6_U25    |tkmu_simple_hw_dmmb6  |        0|     11|  396|  213|
    |tkmu_simple_hw_muocq_U27    |tkmu_simple_hw_muocq  |        0|      1|    0|    0|
    |tkmu_simple_hw_mupcA_U28    |tkmu_simple_hw_mupcA  |        0|      2|    0|    0|
    |tkmu_simple_hw_mupcA_U30    |tkmu_simple_hw_mupcA  |        0|      2|    0|    0|
    |tkmu_simple_hw_muqcK_U29    |tkmu_simple_hw_muqcK  |        0|      2|    0|    0|
    |tkmu_simple_hw_sincg_U26    |tkmu_simple_hw_sincg  |        0|      0|  412|  461|
    +----------------------------+----------------------+---------+-------+-----+-----+
    |Total                       |                      |       30|     38| 1655| 2333|
    +----------------------------+----------------------+---------+-------+-----+-----+

    * DSP48: 
    +--------------------------+----------------------+----------------+
    |         Instance         |        Module        |   Expression   |
    +--------------------------+----------------------+----------------+
    |tkmu_simple_hw_amvdy_U35  |tkmu_simple_hw_amvdy  | i0 * (i1 + i2) |
    |tkmu_simple_hw_matde_U33  |tkmu_simple_hw_matde  |  i0 + i1 * i2  |
    |tkmu_simple_hw_murcU_U31  |tkmu_simple_hw_murcU  |     i0 * i1    |
    |tkmu_simple_hw_musc4_U32  |tkmu_simple_hw_musc4  |     i0 * i1    |
    |tkmu_simple_hw_muudo_U34  |tkmu_simple_hw_muudo  |     i0 * i1    |
    |tkmu_simple_hw_muwdI_U36  |tkmu_simple_hw_muwdI  |     i0 * i1    |
    |tkmu_simple_hw_muxdS_U37  |tkmu_simple_hw_muxdS  |     i0 * i1    |
    +--------------------------+----------------------+----------------+

    * Memory: 
    N/A

    * FIFO: 
    N/A

    * Expression: 
    +-------------------------------+----------+-------+---+-----+------------+------------+
    |         Variable Name         | Operation| DSP48E| FF| LUT | Bitwidth P0| Bitwidth P1|
    +-------------------------------+----------+-------+---+-----+------------+------------+
    |grp_fu_799_p2                  |     +    |      0|  0|   12|           4|          12|
    |p_Val2_20_fu_2689_p2           |     +    |      0|  0|    9|          12|          19|
    |ret_V_1_fu_1246_p2             |     +    |      0|  0|   14|           1|          14|
    |ret_V_3_fu_2589_p2             |     +    |      0|  0|   14|           1|          14|
    |ret_V_5_fu_2732_p2             |     +    |      0|  0|   19|           1|          19|
    |tmp_108_fu_1993_p2             |     +    |      0|  0|   12|          12|           6|
    |tmp_10_fu_1163_p2              |     +    |      0|  0|   12|          12|           5|
    |tmp_112_fu_1836_p2             |     +    |      0|  0|   12|          12|           6|
    |tmp_142_fu_2334_p2             |     +    |      0|  0|   12|          12|           5|
    |tmp_146_fu_2173_p2             |     +    |      0|  0|   12|          12|           5|
    |tmp_14_fu_967_p2               |     +    |      0|  0|   12|          12|           5|
    |tmp_46_fu_1498_p2              |     +    |      0|  0|   12|           4|          12|
    |tmp_75_fu_1655_p2              |     +    |      0|  0|   12|           4|          12|
    |F2_1_fu_955_p2                 |     -    |      0|  0|   12|          11|          12|
    |F2_2_fu_1486_p2                |     -    |      0|  0|   12|          11|          12|
    |F2_4_fu_1643_p2                |     -    |      0|  0|   12|          11|          12|
    |F2_6_fu_1981_p2                |     -    |      0|  0|   12|          11|          12|
    |F2_7_fu_1824_p2                |     -    |      0|  0|   12|          11|          12|
    |F2_8_fu_2322_p2                |     -    |      0|  0|   12|          11|          12|
    |F2_9_fu_2161_p2                |     -    |      0|  0|   12|          11|          12|
    |F2_fu_1151_p2                  |     -    |      0|  0|   12|          11|          12|
    |delta_V_1_fu_2458_p2           |     -    |      0|  0|   12|           1|          12|
    |deta_V_1_fu_2528_p2            |     -    |      0|  0|    6|           1|           6|
    |deta_V_4_fu_2502_p2            |     -    |      0|  0|    6|           1|           6|
    |deta_V_7_fu_2493_p2            |     -    |      0|  0|    6|           1|           6|
    |grp_fu_788_p2                  |     -    |      0|  0|   12|          11|          12|
    |grp_fu_805_p2                  |     -    |      0|  0|   12|           3|          12|
    |inhwEta_V_fu_1204_p2           |     -    |      0|  0|   13|           1|          13|
    |man_V_11_fu_1333_p2            |     -    |      0|  0|   54|           1|          54|
    |man_V_14_fu_1623_p2            |     -    |      0|  0|   54|           1|          54|
    |man_V_18_fu_1961_p2            |     -    |      0|  0|   54|           1|          54|
    |man_V_1_fu_1131_p2             |     -    |      0|  0|   54|           1|          54|
    |man_V_21_fu_1804_p2            |     -    |      0|  0|   54|           1|          54|
    |man_V_24_fu_2302_p2            |     -    |      0|  0|   54|           1|          54|
    |man_V_27_fu_2141_p2            |     -    |      0|  0|   54|           1|          54|
    |man_V_5_fu_935_p2              |     -    |      0|  0|   54|           1|          54|
    |man_V_8_fu_1466_p2             |     -    |      0|  0|   54|           1|          54|
    |op2_1_fu_1752_p2               |     -    |      0|  0|   19|           1|          19|
    |op2_fu_1280_p2                 |     -    |      0|  0|   11|           1|          11|
    |p_Val2_10_fu_2480_p2           |     -    |      0|  0|   18|          18|          17|
    |p_Val2_1_fu_2439_p2            |     -    |      0|  0|   19|           1|          19|
    |p_Val2_s_fu_2683_p2            |     -    |      0|  0|    9|          19|          19|
    |tmp_109_fu_1999_p2             |     -    |      0|  0|   12|           5|          12|
    |tmp_113_fu_1842_p2             |     -    |      0|  0|   12|           5|          12|
    |tmp_11_fu_1169_p2              |     -    |      0|  0|   12|           4|          12|
    |tmp_143_fu_2340_p2             |     -    |      0|  0|   12|           4|          12|
    |tmp_147_fu_2179_p2             |     -    |      0|  0|   12|           4|          12|
    |tmp_15_fu_973_p2               |     -    |      0|  0|   12|           4|          12|
    |tmp_47_fu_1504_p2              |     -    |      0|  0|   12|           3|          12|
    |tmp_76_fu_1661_p2              |     -    |      0|  0|   12|           3|          12|
    |tmp_124_fu_2061_p2             |   ashr   |      0|  0|  178|          54|          54|
    |tmp_128_fu_1902_p2             |   ashr   |      0|  0|  178|          54|          54|
    |tmp_158_fu_2408_p2             |   ashr   |      0|  0|  178|          54|          54|
    |tmp_163_fu_2247_p2             |   ashr   |      0|  0|  178|          54|          54|
    |tmp_26_fu_1075_p2              |   ashr   |      0|  0|  178|          54|          54|
    |tmp_29_fu_1035_p2              |   ashr   |      0|  0|  178|          54|          54|
    |tmp_62_fu_1564_p2              |   ashr   |      0|  0|  178|          54|          54|
    |tmp_71_fu_1376_p2              |   ashr   |      0|  0|  178|          54|          54|
    |tmp_92_fu_1723_p2              |   ashr   |      0|  0|  178|          54|          54|
    |tmp_96_fu_1407_p2              |   ashr   |      0|  0|  178|          54|          54|
    |grp_fu_793_p2                  |   icmp   |      0|  0|    5|          12|           3|
    |grp_fu_819_p2                  |   icmp   |      0|  0|    5|          12|           3|
    |grp_fu_853_p2                  |   icmp   |      0|  0|    5|          12|           4|
    |grp_fu_859_p2                  |   icmp   |      0|  0|    5|          12|           6|
    |tmp_102_fu_1975_p2             |   icmp   |      0|  0|   22|          63|           1|
    |tmp_106_fu_1818_p2             |   icmp   |      0|  0|   22|          63|           1|
    |tmp_107_fu_1987_p2             |   icmp   |      0|  0|    5|          12|           5|
    |tmp_110_fu_2021_p2             |   icmp   |      0|  0|    5|          12|           5|
    |tmp_111_fu_1830_p2             |   icmp   |      0|  0|    5|          12|           5|
    |tmp_114_fu_1864_p2             |   icmp   |      0|  0|    5|          12|           5|
    |tmp_117_fu_2045_p2             |   icmp   |      0|  0|    5|          12|           6|
    |tmp_119_fu_2034_p2             |   icmp   |      0|  0|    5|          12|           5|
    |tmp_120_fu_1887_p2             |   icmp   |      0|  0|    5|          12|           6|
    |tmp_122_fu_1877_p2             |   icmp   |      0|  0|    5|          12|           5|
    |tmp_12_fu_1191_p2              |   icmp   |      0|  0|    5|          12|           4|
    |tmp_136_fu_2316_p2             |   icmp   |      0|  0|   22|          63|           1|
    |tmp_13_fu_961_p2               |   icmp   |      0|  0|    5|          12|           4|
    |tmp_140_fu_2155_p2             |   icmp   |      0|  0|   22|          63|           1|
    |tmp_141_fu_2328_p2             |   icmp   |      0|  0|    5|          12|           4|
    |tmp_144_fu_2362_p2             |   icmp   |      0|  0|    5|          12|           4|
    |tmp_145_fu_2167_p2             |   icmp   |      0|  0|    5|          12|           4|
    |tmp_148_fu_2201_p2             |   icmp   |      0|  0|    5|          12|           4|
    |tmp_151_fu_2393_p2             |   icmp   |      0|  0|    5|          12|           6|
    |tmp_153_fu_2375_p2             |   icmp   |      0|  0|    5|          12|           4|
    |tmp_154_fu_2232_p2             |   icmp   |      0|  0|    5|          12|           6|
    |tmp_156_fu_2214_p2             |   icmp   |      0|  0|    5|          12|           4|
    |tmp_169_fu_2434_p2             |   icmp   |      0|  0|    5|          12|          11|
    |tmp_16_fu_995_p2               |   icmp   |      0|  0|    5|          12|           4|
    |tmp_172_fu_2464_p2             |   icmp   |      0|  0|    5|          14|           1|
    |tmp_178_fu_2584_p2             |   icmp   |      0|  0|    4|          10|           1|
    |tmp_187_fu_2726_p2             |   icmp   |      0|  0|    6|          16|           1|
    |tmp_19_fu_1059_p2              |   icmp   |      0|  0|    5|          12|           6|
    |tmp_1_fu_1145_p2               |   icmp   |      0|  0|   22|          63|           1|
    |tmp_21_fu_1048_p2              |   icmp   |      0|  0|    5|          12|           4|
    |tmp_22_fu_1019_p2              |   icmp   |      0|  0|    5|          12|           6|
    |tmp_24_fu_1008_p2              |   icmp   |      0|  0|    5|          12|           4|
    |tmp_32_fu_1240_p2              |   icmp   |      0|  0|    4|          10|           1|
    |tmp_40_fu_1480_p2              |   icmp   |      0|  0|   22|          63|           1|
    |tmp_44_fu_1347_p2              |   icmp   |      0|  0|   22|          63|           1|
    |tmp_45_fu_1492_p2              |   icmp   |      0|  0|    5|          12|           3|
    |tmp_48_fu_1526_p2              |   icmp   |      0|  0|    5|          12|           3|
    |tmp_55_fu_1549_p2              |   icmp   |      0|  0|    5|          12|           6|
    |tmp_57_fu_1539_p2              |   icmp   |      0|  0|    5|          12|           4|
    |tmp_69_fu_1637_p2              |   icmp   |      0|  0|   22|          63|           1|
    |tmp_74_fu_1649_p2              |   icmp   |      0|  0|    5|          12|           3|
    |tmp_77_fu_1683_p2              |   icmp   |      0|  0|    5|          12|           3|
    |tmp_84_fu_1707_p2              |   icmp   |      0|  0|    5|          12|           6|
    |tmp_86_fu_1696_p2              |   icmp   |      0|  0|    5|          12|           4|
    |tmp_8_fu_1157_p2               |   icmp   |      0|  0|    5|          12|           4|
    |tmp_9_fu_949_p2                |   icmp   |      0|  0|   22|          63|           1|
    |agg_result_hwPropEta_V         |  select  |      0|  0|   14|           1|          14|
    |agg_result_hwPropPhi_V         |  select  |      0|  0|   19|           1|          19|
    |grp_fu_811_p3                  |  select  |      0|  0|   12|           1|          12|
    |grp_fu_825_p3                  |  select  |      0|  0|    2|           1|           2|
    |man_V_12_fu_1339_p3            |  select  |      0|  0|   54|           1|          54|
    |man_V_15_fu_1629_p3            |  select  |      0|  0|   54|           1|          54|
    |man_V_19_fu_1967_p3            |  select  |      0|  0|   54|           1|          54|
    |man_V_22_fu_1810_p3            |  select  |      0|  0|   54|           1|          54|
    |man_V_25_fu_2308_p3            |  select  |      0|  0|   54|           1|          54|
    |man_V_28_fu_2147_p3            |  select  |      0|  0|   54|           1|          54|
    |man_V_2_fu_1137_p3             |  select  |      0|  0|   54|           1|          54|
    |man_V_6_fu_941_p3              |  select  |      0|  0|   54|           1|          54|
    |man_V_9_fu_1472_p3             |  select  |      0|  0|   54|           1|          54|
    |p_10_fu_1892_p3                |  select  |      0|  0|    2|           1|           2|
    |p_11_fu_2398_p3                |  select  |      0|  0|    2|           1|           2|
    |p_12_fu_2237_p3                |  select  |      0|  0|    2|           1|           2|
    |p_5_fu_2050_p3                 |  select  |      0|  0|    2|           1|           2|
    |p_6_fu_1712_p3                 |  select  |      0|  0|    2|           1|           2|
    |p_7_fu_1064_p3                 |  select  |      0|  0|    2|           1|           2|
    |p_8_fu_1554_p3                 |  select  |      0|  0|    2|           1|           2|
    |p_9_fu_1024_p3                 |  select  |      0|  0|    2|           1|           2|
    |p_Val2_15_call_ret_fu_2534_p3  |  select  |      0|  0|    6|           1|           6|
    |p_Val2_7_fu_1210_p3            |  select  |      0|  0|   13|           1|          13|
    |p_s_fu_1252_p3                 |  select  |      0|  0|   14|           1|          14|
    |sh_amt_1_fu_979_p3             |  select  |      0|  0|   12|           1|          12|
    |sh_amt_2_fu_1510_p3            |  select  |      0|  0|   12|           1|          12|
    |sh_amt_4_fu_1667_p3            |  select  |      0|  0|   12|           1|          12|
    |sh_amt_6_fu_2005_p3            |  select  |      0|  0|   12|           1|          12|
    |sh_amt_7_fu_1848_p3            |  select  |      0|  0|   12|           1|          12|
    |sh_amt_8_fu_2346_p3            |  select  |      0|  0|   12|           1|          12|
    |sh_amt_9_fu_2185_p3            |  select  |      0|  0|   12|           1|          12|
    |sh_amt_fu_1175_p3              |  select  |      0|  0|   12|           1|          12|
    |tmp_168_fu_2444_p3             |  select  |      0|  0|   19|           1|          19|
    |tmp_183_fu_2604_p3             |  select  |      0|  0|   14|           1|          14|
    |tmp_190_fu_2748_p3             |  select  |      0|  0|   19|           1|          19|
    |tmp_126_fu_2039_p2             |    shl   |      0|  0|   48|          19|          19|
    |tmp_130_fu_1882_p2             |    shl   |      0|  0|   48|          19|          19|
    |tmp_160_fu_2384_p2             |    shl   |      0|  0|   82|          29|          29|
    |tmp_165_fu_2223_p2             |    shl   |      0|  0|   82|          29|          29|
    |tmp_27_fu_1053_p2              |    shl   |      0|  0|   31|          14|          14|
    |tmp_30_fu_1013_p2              |    shl   |      0|  0|   31|          14|          14|
    |tmp_64_fu_1544_p2              |    shl   |      0|  0|   22|          11|          11|
    |tmp_73_fu_1368_p2              |    shl   |      0|  0|   22|          11|          11|
    |tmp_94_fu_1701_p2              |    shl   |      0|  0|   22|          11|          11|
    |tmp_97_fu_1399_p2              |    shl   |      0|  0|   22|          11|          11|
    |p_Val2_12_fu_2474_p2           |    xor   |      0|  0|   26|          17|          18|
    |r_V_2_fu_1274_p2               |    xor   |      0|  0|   18|          11|          12|
    |r_V_3_fu_1746_p2               |    xor   |      0|  0|   27|          19|          20|
    |r_V_4_fu_2084_p2               |    xor   |      0|  0|   24|          15|          16|
    |r_V_fu_878_p2                  |    xor   |      0|  0|   23|          14|          15|
    +-------------------------------+----------+-------+---+-----+------------+------------+
    |Total                          |          |      0|  0| 4426|        2167|        2669|
    +-------------------------------+----------+-------+---+-----+------------+------------+

    * Multiplexer: 
    +----------------------------------------+-----+-----------+-----+-----------+
    |                  Name                  | LUT | Input Size| Bits| Total Bits|
    +----------------------------------------+-----+-----------+-----+-----------+
    |absInhwZ0_V_reg_537                     |   22|          9|   11|         99|
    |ap_NS_fsm                               |  640|        248|    1|        248|
    |data_V_read_assign_3_reg_495            |   11|          3|   11|         33|
    |data_V_read_assign_5_phi_fu_683_p4      |   12|          2|   12|         24|
    |data_V_read_assign_5_reg_679            |   12|          2|   12|         24|
    |data_V_read_assign_phi_fu_411_p24       |   28|          8|   14|        112|
    |data_V_read_assign_reg_407              |   28|          9|   14|        126|
    |deta_V_3_reg_651                        |    6|          4|    6|         24|
    |grp_delta_LUT_fu_727_data_V_read        |   11|          3|   11|         33|
    |grp_delta_minus_LUT_fu_745_data_V_read  |   11|          3|   11|         33|
    |grp_delta_plus_LUT_fu_736_data_V_read   |   11|          3|   11|         33|
    |grp_fu_777_p1                           |   64|          5|   64|        320|
    |grp_fu_785_p0                           |  128|         10|   64|        640|
    |grp_fu_788_p1                           |   12|          3|   12|         36|
    |inhwZ0_V_1_reg_453                      |   11|          5|   11|         55|
    |inhwZ0_V_reg_474                        |   11|          5|   11|         55|
    |p_1_phi_fu_445_p4                       |   14|          3|   14|         42|
    |p_1_reg_442                             |   14|          2|   14|         28|
    |p_2_reg_607                             |   30|          9|   15|        135|
    |p_Val2_37_in_in_reg_691                 |   17|          2|   17|         34|
    |p_Val2_6_reg_642                        |   12|          2|   12|         24|
    |p_Val2_9_reg_572                        |   38|          9|   19|        171|
    |tmp_173_reg_665                         |   17|          2|   17|         34|
    |tmp_174_reg_700                         |   17|          2|   17|         34|
    +----------------------------------------+-----+-----------+-----+-----------+
    |Total                                   | 1177|        353|  401|       2397|
    +----------------------------------------+-----+-----------+-----+-----------+

    * Register: 
    +--------------------------------------------+-----+----+-----+-----------+
    |                    Name                    |  FF | LUT| Bits| Const Bits|
    +--------------------------------------------+-----+----+-----+-----------+
    |absInhwZ0_V_reg_537                         |   11|   0|   11|          0|
    |ap_CS_fsm                                   |  247|   0|  247|          0|
    |ap_reg_grp_arcsinh_fu_719_ap_start          |    1|   0|    1|          0|
    |ap_reg_grp_delta_LUT_fu_727_ap_start        |    1|   0|    1|          0|
    |ap_reg_grp_delta_minus_LUT_fu_745_ap_start  |    1|   0|    1|          0|
    |ap_reg_grp_delta_plus_LUT_fu_736_ap_start   |    1|   0|    1|          0|
    |ap_reg_grp_deta_LUT_fu_754_ap_start         |    1|   0|    1|          0|
    |ap_reg_grp_invCosh_1_fu_770_ap_start        |    1|   0|    1|          0|
    |ap_reg_grp_invCosh_fu_762_ap_start          |    1|   0|    1|          0|
    |ap_reg_grp_tanh_fu_712_ap_start             |    1|   0|    1|          0|
    |data_V_read_assign_3_reg_495                |   11|   0|   11|          0|
    |data_V_read_assign_5_reg_679                |   12|   0|   12|          0|
    |data_V_read_assign_reg_407                  |   14|   0|   14|          0|
    |delta_V_reg_3501                            |   11|   0|   11|          0|
    |deta_V_2_reg_3552                           |    5|   0|    5|          0|
    |deta_V_3_reg_651                            |    6|   0|    6|          0|
    |deta_V_6_reg_3532                           |    5|   0|    5|          0|
    |deta_V_reg_3577                             |    5|   0|    5|          0|
    |inhwEta_V_2_reg_2928                        |   12|   0|   12|          0|
    |inhwZ0_V_1_reg_453                          |   11|   0|   11|          0|
    |inhwZ0_V_reg_474                            |   11|   0|   11|          0|
    |invCoshEta_EtaBarrel_reg_3587               |   11|   0|   11|          0|
    |invCoshEta_Phi_V_reg_3629                   |   17|   0|   17|          0|
    |isneg_1_reg_2828                            |    1|   0|    1|          0|
    |isneg_2_reg_3084                            |    1|   0|    1|          0|
    |isneg_3_reg_2972                            |    1|   0|    1|          0|
    |isneg_4_reg_3154                            |    1|   0|    1|          0|
    |isneg_5_reg_3285                            |    1|   0|    1|          0|
    |isneg_6_reg_3218                            |    1|   0|    1|          0|
    |isneg_7_reg_3410                            |    1|   0|    1|          0|
    |isneg_8_reg_3348                            |    1|   0|    1|          0|
    |isneg_reg_2884                              |    1|   0|    1|          0|
    |man_V_12_reg_2982                           |   54|   0|   54|          0|
    |man_V_15_reg_3159                           |   54|   0|   54|          0|
    |man_V_19_reg_3290                           |   54|   0|   54|          0|
    |man_V_22_reg_3223                           |   54|   0|   54|          0|
    |man_V_25_reg_3415                           |   54|   0|   54|          0|
    |man_V_28_reg_3353                           |   54|   0|   54|          0|
    |man_V_2_reg_2889                            |   54|   0|   54|          0|
    |man_V_6_reg_2833                            |   54|   0|   54|          0|
    |man_V_9_reg_3089                            |   54|   0|   54|          0|
    |op2_1_reg_3213                              |   19|   0|   19|          0|
    |op2_reg_2967                                |   11|   0|   11|          0|
    |p_1_reg_442                                 |   14|   0|   14|          0|
    |p_2_reg_607                                 |   15|   0|   15|          0|
    |p_Val2_10_reg_3521                          |   17|   0|   17|          0|
    |p_Val2_12_reg_3515                          |   17|   0|   17|          0|
    |p_Val2_15_call_ret_reg_3582                 |    6|   0|    6|          0|
    |p_Val2_15_reg_3609                          |   35|   0|   35|          0|
    |p_Val2_17_reg_3614                          |   35|   0|   35|          0|
    |p_Val2_20_reg_3644                          |   19|   0|   19|          0|
    |p_Val2_2_reg_3472                           |   32|   0|   32|          0|
    |p_Val2_37_in_in_reg_691                     |   17|   0|   17|          0|
    |p_Val2_4_reg_3592                           |   17|   0|   17|          0|
    |p_Val2_5_reg_3477                           |   19|   0|   19|          0|
    |p_Val2_6_reg_642                            |   12|   0|   12|          0|
    |p_Val2_7_reg_2936                           |   13|   0|   13|          0|
    |p_Val2_9_reg_572                            |   19|   0|   19|          0|
    |r_V_10_reg_3597                             |   26|   0|   26|          0|
    |r_V_2_reg_2962                              |   11|   0|   11|          0|
    |r_V_9_reg_2943                              |   24|   0|   24|          0|
    |reg_840                                     |   64|   0|   64|          0|
    |reg_845                                     |   64|   0|   64|          0|
    |reg_849                                     |   12|   0|   12|          0|
    |sh_amt_1_cast9_reg_2853                     |   14|   0|   14|          0|
    |sh_amt_1_cast_reg_2858                      |   32|   0|   32|          0|
    |sh_amt_1_reg_2847                           |   12|   0|   12|          0|
    |sh_amt_2_cast_reg_3114                      |   32|   0|   32|          0|
    |sh_amt_2_reg_3103                           |   12|   0|   12|          0|
    |sh_amt_3_cast_reg_3003                      |   32|   0|   32|          0|
    |sh_amt_4_cast_reg_3184                      |   32|   0|   32|          0|
    |sh_amt_4_reg_3173                           |   12|   0|   12|          0|
    |sh_amt_5_cast_reg_3045                      |   32|   0|   32|          0|
    |sh_amt_6_cast4_reg_3310                     |   19|   0|   19|          0|
    |sh_amt_6_cast_reg_3315                      |   32|   0|   32|          0|
    |sh_amt_6_reg_3304                           |   12|   0|   12|          0|
    |sh_amt_7_cast3_reg_3241                     |   19|   0|   19|          0|
    |sh_amt_7_cast_reg_3246                      |   32|   0|   32|          0|
    |sh_amt_7_reg_3235                           |   12|   0|   12|          0|
    |sh_amt_8_cast2_reg_3433                     |   29|   0|   29|          0|
    |sh_amt_8_cast_reg_3438                      |   32|   0|   32|          0|
    |sh_amt_8_reg_3427                           |   12|   0|   12|          0|
    |sh_amt_9_cast1_reg_3371                     |   29|   0|   29|          0|
    |sh_amt_9_cast_reg_3376                      |   32|   0|   32|          0|
    |sh_amt_9_reg_3365                           |   12|   0|   12|          0|
    |sh_amt_cast1_reg_2909                       |   14|   0|   14|          0|
    |sh_amt_cast_reg_2914                        |   32|   0|   32|          0|
    |sh_amt_reg_2903                             |   12|   0|   12|          0|
    |tanhEta_V_reg_3557                          |   10|   0|   10|          0|
    |tmp_102_reg_3296                            |    1|   0|    1|          0|
    |tmp_107_reg_3300                            |    1|   0|    1|          0|
    |tmp_110_reg_3320                            |    1|   0|    1|          0|
    |tmp_115_reg_3109                            |   11|   0|   11|          0|
    |tmp_116_reg_2998                            |   11|   0|   11|          0|
    |tmp_12_reg_2919                             |    1|   0|    1|          0|
    |tmp_13_reg_2843                             |    1|   0|    1|          0|
    |tmp_159_reg_3179                            |   11|   0|   11|          0|
    |tmp_161_reg_3040                            |   11|   0|   11|          0|
    |tmp_168_reg_3487                            |   19|   0|   19|          0|
    |tmp_169_reg_3483                            |    1|   0|    1|          0|
    |tmp_16_reg_2863                             |    1|   0|    1|          0|
    |tmp_172_reg_3511                            |    1|   0|    1|          0|
    |tmp_173_reg_665                             |   17|   0|   17|          0|
    |tmp_174_reg_700                             |   17|   0|   17|          0|
    |tmp_181_reg_3204                            |    1|   0|    1|          0|
    |tmp_1_reg_2895                              |    1|   0|    1|          0|
    |tmp_218_reg_3492                            |    1|   0|    1|          0|
    |tmp_221_reg_3604                            |   10|   0|   10|          0|
    |tmp_40_reg_3095                             |    1|   0|    1|          0|
    |tmp_42_reg_2977                             |   11|   0|   12|          1|
    |tmp_44_reg_2991                             |    1|   0|    1|          0|
    |tmp_45_reg_3099                             |    1|   0|    1|          0|
    |tmp_48_reg_3119                             |    1|   0|    1|          0|
    |tmp_63_reg_2949                             |    1|   0|    1|          0|
    |tmp_69_reg_3165                             |    1|   0|    1|          0|
    |tmp_74_reg_3169                             |    1|   0|    1|          0|
    |tmp_77_reg_3189                             |    1|   0|    1|          0|
    |tmp_82_reg_2953                             |    1|   0|    1|          0|
    |tmp_8_reg_2899                              |    1|   0|    1|          0|
    |tmp_9_reg_2839                              |    1|   0|    1|          0|
    |tmp_reg_2813                                |    1|   0|    1|          0|
    +--------------------------------------------+-----+----+-----+-----------+
    |Total                                       | 2101|   0| 2102|          1|
    +--------------------------------------------+-----+----+-----+-----------+



================================================================
== Interface
================================================================
* Summary: 
+-------------------------------+-----+-----+------------+------------------------+--------------+
|           RTL Ports           | Dir | Bits|  Protocol  |      Source Object     |    C Type    |
+-------------------------------+-----+-----+------------+------------------------+--------------+
|ap_clk                         |  in |    1| ap_ctrl_hs |     tkmu_simple_hw     | return value |
|ap_rst                         |  in |    1| ap_ctrl_hs |     tkmu_simple_hw     | return value |
|ap_start                       |  in |    1| ap_ctrl_hs |     tkmu_simple_hw     | return value |
|ap_done                        | out |    1| ap_ctrl_hs |     tkmu_simple_hw     | return value |
|ap_idle                        | out |    1| ap_ctrl_hs |     tkmu_simple_hw     | return value |
|ap_ready                       | out |    1| ap_ctrl_hs |     tkmu_simple_hw     | return value |
|agg_result_hwRinv_V            | out |   15|   ap_vld   |   agg_result_hwRinv_V  |    pointer   |
|agg_result_hwRinv_V_ap_vld     | out |    1|   ap_vld   |   agg_result_hwRinv_V  |    pointer   |
|agg_result_hwPt_V              | out |   12|   ap_vld   |    agg_result_hwPt_V   |    pointer   |
|agg_result_hwPt_V_ap_vld       | out |    1|   ap_vld   |    agg_result_hwPt_V   |    pointer   |
|agg_result_hwSinhEta_V         | out |   14|   ap_vld   | agg_result_hwSinhEta_V |    pointer   |
|agg_result_hwSinhEta_V_ap_vld  | out |    1|   ap_vld   | agg_result_hwSinhEta_V |    pointer   |
|agg_result_hwEta_V             | out |   14|   ap_vld   |   agg_result_hwEta_V   |    pointer   |
|agg_result_hwEta_V_ap_vld      | out |    1|   ap_vld   |   agg_result_hwEta_V   |    pointer   |
|agg_result_hwPhi_V             | out |   19|   ap_vld   |   agg_result_hwPhi_V   |    pointer   |
|agg_result_hwPhi_V_ap_vld      | out |    1|   ap_vld   |   agg_result_hwPhi_V   |    pointer   |
|agg_result_hwZ0_V              | out |   11|   ap_vld   |    agg_result_hwZ0_V   |    pointer   |
|agg_result_hwZ0_V_ap_vld       | out |    1|   ap_vld   |    agg_result_hwZ0_V   |    pointer   |
|agg_result_hwQ_V               | out |    1|   ap_vld   |    agg_result_hwQ_V    |    pointer   |
|agg_result_hwQ_V_ap_vld        | out |    1|   ap_vld   |    agg_result_hwQ_V    |    pointer   |
|agg_result_hwX2_V              | out |   10|   ap_vld   |    agg_result_hwX2_V   |    pointer   |
|agg_result_hwX2_V_ap_vld       | out |    1|   ap_vld   |    agg_result_hwX2_V   |    pointer   |
|agg_result_VALID_V             | out |    1|   ap_vld   |   agg_result_VALID_V   |    pointer   |
|agg_result_VALID_V_ap_vld      | out |    1|   ap_vld   |   agg_result_VALID_V   |    pointer   |
|agg_result_BX_V                | out |    3|   ap_vld   |     agg_result_BX_V    |    pointer   |
|agg_result_BX_V_ap_vld         | out |    1|   ap_vld   |     agg_result_BX_V    |    pointer   |
|agg_result_hwPropEta_V         | out |   14|   ap_vld   | agg_result_hwPropEta_V |    pointer   |
|agg_result_hwPropEta_V_ap_vld  | out |    1|   ap_vld   | agg_result_hwPropEta_V |    pointer   |
|agg_result_hwPropPhi_V         | out |   19|   ap_vld   | agg_result_hwPropPhi_V |    pointer   |
|agg_result_hwPropPhi_V_ap_vld  | out |    1|   ap_vld   | agg_result_hwPropPhi_V |    pointer   |
|in_hwRinv_V                    |  in |   15|   ap_none  |       in_hwRinv_V      |    pointer   |
|in_hwPt_V                      |  in |   12|   ap_none  |        in_hwPt_V       |    pointer   |
|in_hwSinhEta_V                 |  in |   14|   ap_none  |     in_hwSinhEta_V     |    pointer   |
|in_hwEta_V                     | out |   14|   ap_vld   |       in_hwEta_V       |    pointer   |
|in_hwEta_V_ap_vld              | out |    1|   ap_vld   |       in_hwEta_V       |    pointer   |
|in_hwPhi_V                     |  in |   19|   ap_none  |       in_hwPhi_V       |    pointer   |
|in_hwZ0_V                      |  in |   11|   ap_none  |        in_hwZ0_V       |    pointer   |
|in_hwQ_V                       |  in |    1|   ap_none  |        in_hwQ_V        |    pointer   |
|in_hwX2_V                      |  in |   10|   ap_none  |        in_hwX2_V       |    pointer   |
|in_VALID_V                     |  in |    1|   ap_none  |       in_VALID_V       |    pointer   |
|in_BX_V                        |  in |    3|   ap_none  |         in_BX_V        |    pointer   |
+-------------------------------+-----+-----+------------+------------------------+--------------+

