

================================================================
== Vivado HLS Report for 'invCosh'
================================================================
* Date:           Thu Aug 23 18:04:04 2018

* Version:        2016.4 (Build 1756540 on Mon Jan 23 19:31:01 MST 2017)
* Project:        hls_prop
* Solution:       solution1
* Product family: virtex7
* Target device:  xc7vx690tffg1927-2


================================================================
== Performance Estimates
================================================================
+ Timing (ns): 
    * Summary: 
    +--------+-------+----------+------------+
    |  Clock | Target| Estimated| Uncertainty|
    +--------+-------+----------+------------+
    |ap_clk  |   4.11|      3.10|        0.51|
    +--------+-------+----------+------------+

+ Latency (clock cycles): 
    * Summary: 
    +-----+-----+-----+-----+----------+
    |  Latency  |  Interval | Pipeline |
    | min | max | min | max |   Type   |
    +-----+-----+-----+-----+----------+
    |    5|    5|    1|    1| function |
    +-----+-----+-----+-----+----------+

    + Detail: 
        * Instance: 
        N/A

        * Loop: 
        N/A



================================================================
== Utilization Estimates
================================================================
* Summary: 
+-----------------+---------+-------+--------+--------+
|       Name      | BRAM_18K| DSP48E|   FF   |   LUT  |
+-----------------+---------+-------+--------+--------+
|DSP              |        -|      1|       -|       -|
|Expression       |        -|      -|       0|      54|
|FIFO             |        -|      -|       -|       -|
|Instance         |        -|      -|       -|       -|
|Memory           |        9|      -|       0|       0|
|Multiplexer      |        -|      -|       -|       -|
|Register         |        -|      -|      35|       -|
+-----------------+---------+-------+--------+--------+
|Total            |        9|      1|      35|      54|
+-----------------+---------+-------+--------+--------+
|Available        |     2940|   3600|  866400|  433200|
+-----------------+---------+-------+--------+--------+
|Utilization (%)  |    ~0   |   ~0  |   ~0   |   ~0   |
+-----------------+---------+-------+--------+--------+

+ Detail: 
    * Instance: 
    N/A

    * DSP48: 
    +--------------------------+----------------------+-----------+
    |         Instance         |        Module        | Expression|
    +--------------------------+----------------------+-----------+
    |prop_hw_mul_mul_1ocq_U25  |prop_hw_mul_mul_1ocq  |  i0 * i1  |
    +--------------------------+----------------------+-----------+

    * Memory: 
    +---------------+---------------------+---------+---+----+------+-----+------+-------------+
    |     Memory    |        Module       | BRAM_18K| FF| LUT| Words| Bits| Banks| W*Bits*Banks|
    +---------------+---------------------+---------+---+----+------+-----+------+-------------+
    |cosh_table1_U  |invCosh_cosh_table1  |        9|  0|   0|  8192|   17|     1|       139264|
    +---------------+---------------------+---------+---+----+------+-----+------+-------------+
    |Total          |                     |        9|  0|   0|  8192|   17|     1|       139264|
    +---------------+---------------------+---------+---+----+------+-----+------+-------------+

    * FIFO: 
    N/A

    * Expression: 
    +--------------------+----------+-------+---+----+------------+------------+
    |    Variable Name   | Operation| DSP48E| FF| LUT| Bitwidth P0| Bitwidth P1|
    +--------------------+----------+-------+---+----+------------+------------+
    |r_V_fu_80_p2        |     -    |      0|  0|  13|          11|          13|
    |sel_tmp2_fu_131_p2  |    and   |      0|  0|   1|           1|           1|
    |icmp_fu_104_p2      |   icmp   |      0|  0|   2|           3|           1|
    |tmp_193_fu_144_p2   |    or    |      0|  0|   1|           1|           1|
    |ap_return           |  select  |      0|  0|  17|           1|          17|
    |sel_tmp_fu_136_p3   |  select  |      0|  0|  18|           1|          18|
    |sel_tmp1_fu_126_p2  |    xor   |      0|  0|   2|           1|           2|
    +--------------------+----------+-------+---+----+------------+------------+
    |Total               |          |      0|  0|  54|          19|          53|
    +--------------------+----------+-------+---+----+------------+------------+

    * Multiplexer: 
    N/A

    * Register: 
    +-------------------------------------------+----+----+-----+-----------+
    |                    Name                   | FF | LUT| Bits| Const Bits|
    +-------------------------------------------+----+----+-----+-----------+
    |ap_CS_fsm                                  |   1|   0|    1|          0|
    |ap_enable_reg_pp0_iter1                    |   1|   0|    1|          0|
    |ap_enable_reg_pp0_iter2                    |   1|   0|    1|          0|
    |ap_enable_reg_pp0_iter3                    |   1|   0|    1|          0|
    |ap_enable_reg_pp0_iter4                    |   1|   0|    1|          0|
    |ap_enable_reg_pp0_iter5                    |   1|   0|    1|          0|
    |ap_pipeline_reg_pp0_iter4_icmp_reg_185     |   1|   0|    1|          0|
    |ap_pipeline_reg_pp0_iter4_tmp_233_reg_179  |   1|   0|    1|          0|
    |icmp_reg_185                               |   1|   0|    1|          0|
    |r_V_reg_174                                |  13|   0|   13|          0|
    |tmp_192_reg_169                            |  12|   0|   12|          0|
    |tmp_233_reg_179                            |   1|   0|    1|          0|
    +-------------------------------------------+----+----+-----+-----------+
    |Total                                      |  35|   0|   35|          0|
    +-------------------------------------------+----+----+-----+-----------+



================================================================
== Interface
================================================================
* Summary: 
+-------------+-----+-----+------------+--------------+--------------+
|  RTL Ports  | Dir | Bits|  Protocol  | Source Object|    C Type    |
+-------------+-----+-----+------------+--------------+--------------+
|ap_clk       |  in |    1| ap_ctrl_hs |    invCosh   | return value |
|ap_rst       |  in |    1| ap_ctrl_hs |    invCosh   | return value |
|ap_start     |  in |    1| ap_ctrl_hs |    invCosh   | return value |
|ap_done      | out |    1| ap_ctrl_hs |    invCosh   | return value |
|ap_idle      | out |    1| ap_ctrl_hs |    invCosh   | return value |
|ap_ready     | out |    1| ap_ctrl_hs |    invCosh   | return value |
|ap_return    | out |   17| ap_ctrl_hs |    invCosh   | return value |
|data_V_read  |  in |   12|   ap_none  |  data_V_read |    scalar    |
+-------------+-----+-----+------------+--------------+--------------+

