

================================================================
== Vivado HLS Report for 'invCosh_1'
================================================================
* Date:           Tue May 22 02:47:28 2018

* Version:        2016.4 (Build 1756540 on Mon Jan 23 19:31:01 MST 2017)
* Project:        tkmu_proj0
* Solution:       solution1
* Product family: virtex7
* Target device:  xc7vx690tffg1927-2


================================================================
== Performance Estimates
================================================================
+ Timing (ns): 
    * Summary: 
    +--------+-------+----------+------------+
    |  Clock | Target| Estimated| Uncertainty|
    +--------+-------+----------+------------+
    |ap_clk  |   5.00|      3.87|        0.62|
    +--------+-------+----------+------------+

+ Latency (clock cycles): 
    * Summary: 
    +-----+-----+-----+-----+----------+
    |  Latency  |  Interval | Pipeline |
    | min | max | min | max |   Type   |
    +-----+-----+-----+-----+----------+
    |    6|    6|    1|    1| function |
    +-----+-----+-----+-----+----------+

    + Detail: 
        * Instance: 
        N/A

        * Loop: 
        N/A



================================================================
== Utilization Estimates
================================================================
* Summary: 
+-----------------+---------+-------+--------+--------+
|       Name      | BRAM_18K| DSP48E|   FF   |   LUT  |
+-----------------+---------+-------+--------+--------+
|DSP              |        -|      -|       -|       -|
|Expression       |        -|      -|       0|      38|
|FIFO             |        -|      -|       -|       -|
|Instance         |        -|      2|       0|       0|
|Memory           |        6|      -|       0|       0|
|Multiplexer      |        -|      -|       -|       -|
|Register         |        -|      -|      24|       -|
+-----------------+---------+-------+--------+--------+
|Total            |        6|      2|      24|      38|
+-----------------+---------+-------+--------+--------+
|Available        |     2940|   3600|  866400|  433200|
+-----------------+---------+-------+--------+--------+
|Utilization (%)  |    ~0   |   ~0  |   ~0   |   ~0   |
+-----------------+---------+-------+--------+--------+

+ Detail: 
    * Instance: 
    +--------------------------+----------------------+---------+-------+---+----+
    |         Instance         |        Module        | BRAM_18K| DSP48E| FF| LUT|
    +--------------------------+----------------------+---------+-------+---+----+
    |tkmu_simple_hw_mukbM_U19  |tkmu_simple_hw_mukbM  |        0|      2|  0|   0|
    +--------------------------+----------------------+---------+-------+---+----+
    |Total                     |                      |        0|      2|  0|   0|
    +--------------------------+----------------------+---------+-------+---+----+

    * DSP48: 
    N/A

    * Memory: 
    +---------------+----------------------+---------+---+----+------+-----+------+-------------+
    |     Memory    |        Module        | BRAM_18K| FF| LUT| Words| Bits| Banks| W*Bits*Banks|
    +---------------+----------------------+---------+---+----+------+-----+------+-------------+
    |cosh_table7_U  |invCosh_1_cosh_tajbC  |        6|  0|   0|  8192|   11|     1|        90112|
    +---------------+----------------------+---------+---+----+------+-----+------+-------------+
    |Total          |                      |        6|  0|   0|  8192|   11|     1|        90112|
    +---------------+----------------------+---------+---+----+------+-----+------+-------------+

    * FIFO: 
    N/A

    * Expression: 
    +----------------+----------+-------+---+----+------------+------------+
    |  Variable Name | Operation| DSP48E| FF| LUT| Bitwidth P0| Bitwidth P1|
    +----------------+----------+-------+---+----+------------+------------+
    |r_V_fu_100_p2   |     -    |      0|  0|  25|          24|          25|
    |icmp_fu_126_p2  |   icmp   |      0|  0|   1|           2|           1|
    |ap_return       |  select  |      0|  0|  12|           1|          12|
    +----------------+----------+-------+---+----+------------+------------+
    |Total           |          |      0|  0|  38|          27|          38|
    +----------------+----------+-------+---+----+------------+------------+

    * Multiplexer: 
    N/A

    * Register: 
    +----------------------------------------+----+----+-----+-----------+
    |                  Name                  | FF | LUT| Bits| Const Bits|
    +----------------------------------------+----+----+-----+-----------+
    |ap_CS_fsm                               |   1|   0|    1|          0|
    |ap_enable_reg_pp0_iter1                 |   1|   0|    1|          0|
    |ap_enable_reg_pp0_iter2                 |   1|   0|    1|          0|
    |ap_enable_reg_pp0_iter3                 |   1|   0|    1|          0|
    |ap_enable_reg_pp0_iter4                 |   1|   0|    1|          0|
    |ap_enable_reg_pp0_iter5                 |   1|   0|    1|          0|
    |ap_enable_reg_pp0_iter6                 |   1|   0|    1|          0|
    |ap_pipeline_reg_pp0_iter5_icmp_reg_157  |   1|   0|    1|          0|
    |icmp_reg_157                            |   1|   0|    1|          0|
    |tmp_232_reg_152                         |  15|   0|   15|          0|
    +----------------------------------------+----+----+-----+-----------+
    |Total                                   |  24|   0|   24|          0|
    +----------------------------------------+----+----+-----+-----------+



================================================================
== Interface
================================================================
* Summary: 
+-------------+-----+-----+------------+--------------+--------------+
|  RTL Ports  | Dir | Bits|  Protocol  | Source Object|    C Type    |
+-------------+-----+-----+------------+--------------+--------------+
|ap_clk       |  in |    1| ap_ctrl_hs |   invCosh.1  | return value |
|ap_rst       |  in |    1| ap_ctrl_hs |   invCosh.1  | return value |
|ap_start     |  in |    1| ap_ctrl_hs |   invCosh.1  | return value |
|ap_done      | out |    1| ap_ctrl_hs |   invCosh.1  | return value |
|ap_idle      | out |    1| ap_ctrl_hs |   invCosh.1  | return value |
|ap_ready     | out |    1| ap_ctrl_hs |   invCosh.1  | return value |
|ap_return    | out |   11| ap_ctrl_hs |   invCosh.1  | return value |
|data_V_read  |  in |   12|   ap_none  |  data_V_read |    scalar    |
+-------------+-----+-----+------------+--------------+--------------+

============================================================
+ Verbose Summary: Synthesis Manager
============================================================
InlineROM: 1
ExposeGlobal: 0
============================================================
+ Verbose Summary: CDFG Model
============================================================
IsTopModel: 0
ResetActiveHigh: 1
IsCombinational: 2
IsDatapathOnly: 2
HasWiredReturn: 1
HasMFsm: 2
HasVarLatency: 0
IsPipeline: 1
IsRtlPipelined: 1
IsInstanceOverlapped: 0
IsDontTouch: 0
HasImplIP: 0
IsGatedGlobalClock: 0

+ Individual pipeline summary: 
  * Pipeline-0: initiation interval (II) = 1, depth = 7


============================================================
+ Verbose Summary: Schedule
============================================================
* Number of FSM states: 7
* Pipeline: 1
  Pipeline-0: II = 1, D = 7, States = { 1 2 3 4 5 6 7 }
* Dataflow Pipeline: 0

* FSM state transitions: 
1 --> 
	2  / true
2 --> 
	3  / true
3 --> 
	4  / true
4 --> 
	5  / true
5 --> 
	6  / true
6 --> 
	7  / true
7 --> 
* FSM state operations: 

 <State 1>: 1.54ns
ST_1: data_V_read_2 (3)  [1/1] 0.00ns
_ifconv:0  %data_V_read_2 = call i12 @_ssdm_op_Read.ap_auto.i12(i12 %data_V_read)

ST_1: tmp (5)  [1/1] 0.00ns
_ifconv:2  %tmp = trunc i12 %data_V_read_2 to i11

ST_1: r_V_tr (6)  [1/1] 0.00ns  loc: src/tk-mu_simple.h:488
_ifconv:3  %r_V_tr = call i24 @_ssdm_op_BitConcatenate.i24.i11.i13(i11 %tmp, i13 0)

ST_1: zext_cast (7)  [1/1] 0.00ns  loc: src/tk-mu_simple.h:488
_ifconv:4  %zext_cast = zext i24 %r_V_tr to i49

ST_1: mul (8)  [5/5] 1.54ns  loc: src/tk-mu_simple.h:488
_ifconv:5  %mul = mul i49 22369622, %zext_cast


 <State 2>: 1.54ns
ST_2: mul (8)  [4/5] 1.54ns  loc: src/tk-mu_simple.h:488
_ifconv:5  %mul = mul i49 22369622, %zext_cast


 <State 3>: 1.54ns
ST_3: mul (8)  [3/5] 1.54ns  loc: src/tk-mu_simple.h:488
_ifconv:5  %mul = mul i49 22369622, %zext_cast


 <State 4>: 1.54ns
ST_4: mul (8)  [2/5] 1.54ns  loc: src/tk-mu_simple.h:488
_ifconv:5  %mul = mul i49 22369622, %zext_cast


 <State 5>: 3.87ns
ST_5: mul (8)  [1/5] 1.54ns  loc: src/tk-mu_simple.h:488
_ifconv:5  %mul = mul i49 22369622, %zext_cast

ST_5: tmp_231 (9)  [1/1] 0.00ns  loc: src/tk-mu_simple.h:488
_ifconv:6  %tmp_231 = call i23 @_ssdm_op_PartSelect.i23.i49.i32.i32(i49 %mul, i32 26, i32 48)

ST_5: tmp_cast_cast (10)  [1/1] 0.00ns  loc: src/tk-mu_simple.h:488
_ifconv:7  %tmp_cast_cast = zext i23 %tmp_231 to i25

ST_5: r_V (11)  [1/1] 1.57ns  loc: src/tk-mu_simple.h:488
_ifconv:8  %r_V = sub i25 8388608, %tmp_cast_cast

ST_5: tmp_232 (12)  [1/1] 0.00ns  loc: src/tk-mu_simple.h:488
_ifconv:9  %tmp_232 = call i15 @_ssdm_op_PartSelect.i15.i25.i32.i32(i25 %r_V, i32 10, i32 24)

ST_5: tmp_233 (14)  [1/1] 0.00ns  loc: src/tk-mu_simple.h:491
_ifconv:11  %tmp_233 = call i2 @_ssdm_op_PartSelect.i2.i25.i32.i32(i25 %r_V, i32 23, i32 24)

ST_5: icmp (15)  [1/1] 0.76ns  loc: src/tk-mu_simple.h:491
_ifconv:12  %icmp = icmp ne i2 %tmp_233, 0


 <State 6>: 2.39ns
ST_6: tmp_198 (13)  [1/1] 0.00ns  loc: src/tk-mu_simple.h:488
_ifconv:10  %tmp_198 = sext i15 %tmp_232 to i16

ST_6: tmp_196 (16)  [1/1] 0.00ns  loc: src/tk-mu_simple.h:492
_ifconv:13  %tmp_196 = zext i16 %tmp_198 to i64

ST_6: cosh_table7_addr (17)  [1/1] 0.00ns  loc: src/tk-mu_simple.h:492
_ifconv:14  %cosh_table7_addr = getelementptr [8192 x i11]* @cosh_table7, i64 0, i64 %tmp_196

ST_6: cosh_table7_load (18)  [2/2] 2.39ns  loc: src/tk-mu_simple.h:492
_ifconv:15  %cosh_table7_load = load i11* %cosh_table7_addr, align 2


 <State 7>: 3.10ns
ST_7: StgValue_27 (4)  [1/1] 0.00ns  loc: src/tk-mu_simple.h:483
_ifconv:1  call void (...)* @_ssdm_op_SpecPipeline(i32 -1, i32 1, i32 1, i32 0, [1 x i8]* @p_str) nounwind

ST_7: cosh_table7_load (18)  [1/2] 2.39ns  loc: src/tk-mu_simple.h:492
_ifconv:15  %cosh_table7_load = load i11* %cosh_table7_addr, align 2

ST_7: ssdm_int_V_write_ass (19)  [1/1] 0.71ns  loc: src/tk-mu_simple.h:492
_ifconv:16  %ssdm_int_V_write_ass = select i1 %icmp, i11 -1024, i11 %cosh_table7_load

ST_7: StgValue_30 (20)  [1/1] 0.00ns  loc: src/tk-mu_simple.h:494
_ifconv:17  ret i11 %ssdm_int_V_write_ass



============================================================
+ Verbose Summary: Binding
============================================================
STG Binding: 
---------------- STG Properties BEGIN ----------------
- Is combinational: 0
- Is one-state seq: 0
- Is datapath-only: 0
- Is clock enabled: 0
- Is pipelined: 1
- Is top level: 0
Port [ Return ] is wired: 1; IO mode=ap_ctrl_hs:ce=0
Port [ data_V_read]:  wired=1; compound=0; hidden=0; nouse=0; global=0; static=0; extern=0; dir=0; type=0; pingpong=0; private_global=0; IO mode=ap_none:ce=0
Port [ cosh_table7]:  wired=0; compound=1; hidden=1; nouse=0; global=1; static=1; extern=0; dir=0; type=1; pingpong=0; private_global=1; linkage=7; visibility=0; MemPort=[1]; IO mode=ap_memory:ce=0
---------------- STG Properties END ------------------

---------------- Datapath Model BEGIN ----------------

<LifeTime>
<method=bitvector/>
data_V_read_2        (read          ) [ 00000000]
tmp                  (trunc         ) [ 00000000]
r_V_tr               (bitconcatenate) [ 00000000]
zext_cast            (zext          ) [ 01111100]
mul                  (mul           ) [ 00000000]
tmp_231              (partselect    ) [ 00000000]
tmp_cast_cast        (zext          ) [ 00000000]
r_V                  (sub           ) [ 00000000]
tmp_232              (partselect    ) [ 01000010]
tmp_233              (partselect    ) [ 00000000]
icmp                 (icmp          ) [ 01000011]
tmp_198              (sext          ) [ 00000000]
tmp_196              (zext          ) [ 00000000]
cosh_table7_addr     (getelementptr ) [ 01000001]
StgValue_27          (specpipeline  ) [ 00000000]
cosh_table7_load     (load          ) [ 00000000]
ssdm_int_V_write_ass (select        ) [ 00000000]
StgValue_30          (ret           ) [ 00000000]
</LifeTime>

<model>

<comp_list>
<comp id="0" class="1000" name="data_V_read">
<pin_list>
<pin id="1" dir="1" index="0" bw="1" slack="0"/>
</pin_list>
<bind>
<StgValue><ssdm name="data_V_read"/></StgValue>
</bind>
</comp>

<comp id="2" class="1000" name="cosh_table7">
<pin_list>
<pin id="3" dir="1" index="0" bw="1" slack="0"/>
</pin_list>
<bind>
<StgValue><ssdm name="cosh_table7"/><MemPortTyVec>1 </MemPortTyVec>
</StgValue>
</bind>
</comp>

<comp id="4" class="1001" name="const_4">
<pin_list>
<pin id="5" dir="1" index="0" bw="1" slack="0"/>
</pin_list>
<bind>
<StgValue><ssdm name="_ssdm_op_Read.ap_auto.i12"/></StgValue>
</bind>
</comp>

<comp id="6" class="1001" name="const_6">
<pin_list>
<pin id="7" dir="1" index="0" bw="1" slack="0"/>
</pin_list>
<bind>
<StgValue><ssdm name="_ssdm_op_BitConcatenate.i24.i11.i13"/></StgValue>
</bind>
</comp>

<comp id="8" class="1001" name="const_8">
<pin_list>
<pin id="9" dir="1" index="0" bw="1" slack="0"/>
</pin_list>
<bind>
<StgValue><ssdm name=""/></StgValue>
</bind>
</comp>

<comp id="10" class="1001" name="const_10">
<pin_list>
<pin id="11" dir="1" index="0" bw="1" slack="0"/>
</pin_list>
<bind>
<StgValue><ssdm name=""/></StgValue>
</bind>
</comp>

<comp id="12" class="1001" name="const_12">
<pin_list>
<pin id="13" dir="1" index="0" bw="1" slack="0"/>
</pin_list>
<bind>
<StgValue><ssdm name="_ssdm_op_PartSelect.i23.i49.i32.i32"/></StgValue>
</bind>
</comp>

<comp id="14" class="1001" name="const_14">
<pin_list>
<pin id="15" dir="1" index="0" bw="1" slack="0"/>
</pin_list>
<bind>
<StgValue><ssdm name=""/></StgValue>
</bind>
</comp>

<comp id="16" class="1001" name="const_16">
<pin_list>
<pin id="17" dir="1" index="0" bw="1" slack="0"/>
</pin_list>
<bind>
<StgValue><ssdm name=""/></StgValue>
</bind>
</comp>

<comp id="18" class="1001" name="const_18">
<pin_list>
<pin id="19" dir="1" index="0" bw="1" slack="0"/>
</pin_list>
<bind>
<StgValue><ssdm name=""/></StgValue>
</bind>
</comp>

<comp id="20" class="1001" name="const_20">
<pin_list>
<pin id="21" dir="1" index="0" bw="1" slack="0"/>
</pin_list>
<bind>
<StgValue><ssdm name="_ssdm_op_PartSelect.i15.i25.i32.i32"/></StgValue>
</bind>
</comp>

<comp id="22" class="1001" name="const_22">
<pin_list>
<pin id="23" dir="1" index="0" bw="1" slack="0"/>
</pin_list>
<bind>
<StgValue><ssdm name=""/></StgValue>
</bind>
</comp>

<comp id="24" class="1001" name="const_24">
<pin_list>
<pin id="25" dir="1" index="0" bw="1" slack="0"/>
</pin_list>
<bind>
<StgValue><ssdm name=""/></StgValue>
</bind>
</comp>

<comp id="26" class="1001" name="const_26">
<pin_list>
<pin id="27" dir="1" index="0" bw="1" slack="0"/>
</pin_list>
<bind>
<StgValue><ssdm name="_ssdm_op_PartSelect.i2.i25.i32.i32"/></StgValue>
</bind>
</comp>

<comp id="28" class="1001" name="const_28">
<pin_list>
<pin id="29" dir="1" index="0" bw="1" slack="0"/>
</pin_list>
<bind>
<StgValue><ssdm name=""/></StgValue>
</bind>
</comp>

<comp id="30" class="1001" name="const_30">
<pin_list>
<pin id="31" dir="1" index="0" bw="1" slack="0"/>
</pin_list>
<bind>
<StgValue><ssdm name=""/></StgValue>
</bind>
</comp>

<comp id="32" class="1001" name="const_32">
<pin_list>
<pin id="33" dir="1" index="0" bw="1" slack="0"/>
</pin_list>
<bind>
<StgValue><ssdm name=""/></StgValue>
</bind>
</comp>

<comp id="34" class="1001" name="const_34">
<pin_list>
<pin id="35" dir="1" index="0" bw="1" slack="2147483647"/>
</pin_list>
<bind>
<StgValue><ssdm name="_ssdm_op_SpecPipeline"/></StgValue>
</bind>
</comp>

<comp id="36" class="1001" name="const_36">
<pin_list>
<pin id="37" dir="1" index="0" bw="1" slack="2147483647"/>
</pin_list>
<bind>
<StgValue><ssdm name=""/></StgValue>
</bind>
</comp>

<comp id="38" class="1001" name="const_38">
<pin_list>
<pin id="39" dir="1" index="0" bw="1" slack="2147483647"/>
</pin_list>
<bind>
<StgValue><ssdm name=""/></StgValue>
</bind>
</comp>

<comp id="40" class="1001" name="const_40">
<pin_list>
<pin id="41" dir="1" index="0" bw="1" slack="2147483647"/>
</pin_list>
<bind>
<StgValue><ssdm name=""/></StgValue>
</bind>
</comp>

<comp id="42" class="1001" name="const_42">
<pin_list>
<pin id="43" dir="1" index="0" bw="1" slack="2147483647"/>
</pin_list>
<bind>
<StgValue><ssdm name="p_str"/></StgValue>
</bind>
</comp>

<comp id="44" class="1001" name="const_44">
<pin_list>
<pin id="45" dir="1" index="0" bw="1" slack="0"/>
</pin_list>
<bind>
<StgValue><ssdm name=""/></StgValue>
</bind>
</comp>

<comp id="46" class="1004" name="data_V_read_2_read_fu_46">
<pin_list>
<pin id="47" dir="0" index="0" bw="12" slack="0"/>
<pin id="48" dir="0" index="1" bw="12" slack="0"/>
<pin id="49" dir="1" index="2" bw="12" slack="0"/>
</pin_list>
<bind>
<opcode="read(1150) " fcode="read"/>
<opset="data_V_read_2/1 "/>
</bind>
</comp>

<comp id="52" class="1004" name="cosh_table7_addr_gep_fu_52">
<pin_list>
<pin id="53" dir="0" index="0" bw="11" slack="0"/>
<pin id="54" dir="0" index="1" bw="1" slack="0"/>
<pin id="55" dir="0" index="2" bw="16" slack="0"/>
<pin id="56" dir="1" index="3" bw="13" slack="0"/>
</pin_list>
<bind>
<opcode="getelementptr(29) " fcode="getelementptr"/>
<opset="cosh_table7_addr/6 "/>
</bind>
</comp>

<comp id="59" class="1004" name="grp_access_fu_59">
<pin_list>
<pin id="60" dir="0" index="0" bw="13" slack="0"/>
<pin id="61" dir="0" index="1" bw="11" slack="2147483647"/>
<pin id="62" dir="1" index="2" bw="11" slack="0"/>
</pin_list>
<bind>
<opcode="load(27) " fcode="load"/>
<opset="cosh_table7_load/6 "/>
</bind>
</comp>

<comp id="64" class="1004" name="tmp_fu_64">
<pin_list>
<pin id="65" dir="0" index="0" bw="12" slack="0"/>
<pin id="66" dir="1" index="1" bw="11" slack="0"/>
</pin_list>
<bind>
<opcode="trunc(33) " fcode="trunc"/>
<opset="tmp/1 "/>
</bind>
</comp>

<comp id="68" class="1004" name="r_V_tr_fu_68">
<pin_list>
<pin id="69" dir="0" index="0" bw="24" slack="0"/>
<pin id="70" dir="0" index="1" bw="11" slack="0"/>
<pin id="71" dir="0" index="2" bw="1" slack="0"/>
<pin id="72" dir="1" index="3" bw="24" slack="0"/>
</pin_list>
<bind>
<opcode="bitconcatenate(1004) " fcode="bitconcatenate"/>
<opset="r_V_tr/1 "/>
</bind>
</comp>

<comp id="76" class="1004" name="zext_cast_fu_76">
<pin_list>
<pin id="77" dir="0" index="0" bw="24" slack="0"/>
<pin id="78" dir="1" index="1" bw="49" slack="0"/>
</pin_list>
<bind>
<opcode="zext(34) " fcode="zext"/>
<opset="zext_cast/1 "/>
</bind>
</comp>

<comp id="80" class="1004" name="grp_fu_80">
<pin_list>
<pin id="81" dir="0" index="0" bw="26" slack="0"/>
<pin id="82" dir="0" index="1" bw="24" slack="0"/>
<pin id="83" dir="1" index="2" bw="49" slack="0"/>
</pin_list>
<bind>
<opcode="mul(12) " fcode="mul"/>
<opset="mul/1 "/>
</bind>
</comp>

<comp id="86" class="1004" name="tmp_231_fu_86">
<pin_list>
<pin id="87" dir="0" index="0" bw="23" slack="0"/>
<pin id="88" dir="0" index="1" bw="49" slack="0"/>
<pin id="89" dir="0" index="2" bw="6" slack="0"/>
<pin id="90" dir="0" index="3" bw="7" slack="0"/>
<pin id="91" dir="1" index="4" bw="23" slack="0"/>
</pin_list>
<bind>
<opcode="partselect(1002) " fcode="partselect"/>
<opset="tmp_231/5 "/>
</bind>
</comp>

<comp id="96" class="1004" name="tmp_cast_cast_fu_96">
<pin_list>
<pin id="97" dir="0" index="0" bw="23" slack="0"/>
<pin id="98" dir="1" index="1" bw="25" slack="0"/>
</pin_list>
<bind>
<opcode="zext(34) " fcode="zext"/>
<opset="tmp_cast_cast/5 "/>
</bind>
</comp>

<comp id="100" class="1004" name="r_V_fu_100">
<pin_list>
<pin id="101" dir="0" index="0" bw="25" slack="0"/>
<pin id="102" dir="0" index="1" bw="23" slack="0"/>
<pin id="103" dir="1" index="2" bw="25" slack="0"/>
</pin_list>
<bind>
<opcode="sub(10) " fcode="sub"/>
<opset="r_V/5 "/>
</bind>
</comp>

<comp id="106" class="1004" name="tmp_232_fu_106">
<pin_list>
<pin id="107" dir="0" index="0" bw="15" slack="0"/>
<pin id="108" dir="0" index="1" bw="25" slack="0"/>
<pin id="109" dir="0" index="2" bw="5" slack="0"/>
<pin id="110" dir="0" index="3" bw="6" slack="0"/>
<pin id="111" dir="1" index="4" bw="15" slack="1"/>
</pin_list>
<bind>
<opcode="partselect(1002) " fcode="partselect"/>
<opset="tmp_232/5 "/>
</bind>
</comp>

<comp id="116" class="1004" name="tmp_233_fu_116">
<pin_list>
<pin id="117" dir="0" index="0" bw="2" slack="0"/>
<pin id="118" dir="0" index="1" bw="25" slack="0"/>
<pin id="119" dir="0" index="2" bw="6" slack="0"/>
<pin id="120" dir="0" index="3" bw="6" slack="0"/>
<pin id="121" dir="1" index="4" bw="2" slack="0"/>
</pin_list>
<bind>
<opcode="partselect(1002) " fcode="partselect"/>
<opset="tmp_233/5 "/>
</bind>
</comp>

<comp id="126" class="1004" name="icmp_fu_126">
<pin_list>
<pin id="127" dir="0" index="0" bw="2" slack="0"/>
<pin id="128" dir="0" index="1" bw="2" slack="0"/>
<pin id="129" dir="1" index="2" bw="1" slack="1"/>
</pin_list>
<bind>
<opcode="icmp(45) " fcode="icmp"/>
<opset="icmp/5 "/>
</bind>
</comp>

<comp id="132" class="1004" name="tmp_198_fu_132">
<pin_list>
<pin id="133" dir="0" index="0" bw="15" slack="1"/>
<pin id="134" dir="1" index="1" bw="16" slack="0"/>
</pin_list>
<bind>
<opcode="sext(35) " fcode="sext"/>
<opset="tmp_198/6 "/>
</bind>
</comp>

<comp id="135" class="1004" name="tmp_196_fu_135">
<pin_list>
<pin id="136" dir="0" index="0" bw="15" slack="0"/>
<pin id="137" dir="1" index="1" bw="64" slack="0"/>
</pin_list>
<bind>
<opcode="zext(34) " fcode="zext"/>
<opset="tmp_196/6 "/>
</bind>
</comp>

<comp id="140" class="1004" name="ssdm_int_V_write_ass_fu_140">
<pin_list>
<pin id="141" dir="0" index="0" bw="1" slack="2"/>
<pin id="142" dir="0" index="1" bw="11" slack="0"/>
<pin id="143" dir="0" index="2" bw="11" slack="0"/>
<pin id="144" dir="1" index="3" bw="11" slack="2147483647"/>
</pin_list>
<bind>
<opcode="select(49) " fcode="select"/>
<opset="ssdm_int_V_write_ass/7 "/>
</bind>
</comp>

<comp id="147" class="1005" name="zext_cast_reg_147">
<pin_list>
<pin id="148" dir="0" index="0" bw="49" slack="1"/>
<pin id="149" dir="1" index="1" bw="49" slack="1"/>
</pin_list>
<bind>
<opset="zext_cast "/>
</bind>
</comp>

<comp id="152" class="1005" name="tmp_232_reg_152">
<pin_list>
<pin id="153" dir="0" index="0" bw="15" slack="1"/>
<pin id="154" dir="1" index="1" bw="15" slack="1"/>
</pin_list>
<bind>
<opset="tmp_232 "/>
</bind>
</comp>

<comp id="157" class="1005" name="icmp_reg_157">
<pin_list>
<pin id="158" dir="0" index="0" bw="1" slack="1"/>
<pin id="159" dir="1" index="1" bw="1" slack="2"/>
</pin_list>
<bind>
<opset="icmp "/>
</bind>
</comp>

<comp id="162" class="1005" name="cosh_table7_addr_reg_162">
<pin_list>
<pin id="163" dir="0" index="0" bw="13" slack="1"/>
<pin id="164" dir="1" index="1" bw="13" slack="1"/>
</pin_list>
<bind>
<opset="cosh_table7_addr "/>
</bind>
</comp>

</comp_list>

<net_list>
<net id="50"><net_src comp="4" pin="0"/><net_sink comp="46" pin=0"/></net>

<net id="51"><net_src comp="0" pin="0"/><net_sink comp="46" pin=1"/></net>

<net id="57"><net_src comp="2" pin="0"/><net_sink comp="52" pin=0"/></net>

<net id="58"><net_src comp="32" pin="0"/><net_sink comp="52" pin=1"/></net>

<net id="63"><net_src comp="52" pin="3"/><net_sink comp="59" pin=0"/></net>

<net id="67"><net_src comp="46" pin="2"/><net_sink comp="64" pin=0"/></net>

<net id="73"><net_src comp="6" pin="0"/><net_sink comp="68" pin=0"/></net>

<net id="74"><net_src comp="64" pin="1"/><net_sink comp="68" pin=1"/></net>

<net id="75"><net_src comp="8" pin="0"/><net_sink comp="68" pin=2"/></net>

<net id="79"><net_src comp="68" pin="3"/><net_sink comp="76" pin=0"/></net>

<net id="84"><net_src comp="10" pin="0"/><net_sink comp="80" pin=0"/></net>

<net id="85"><net_src comp="76" pin="1"/><net_sink comp="80" pin=1"/></net>

<net id="92"><net_src comp="12" pin="0"/><net_sink comp="86" pin=0"/></net>

<net id="93"><net_src comp="80" pin="2"/><net_sink comp="86" pin=1"/></net>

<net id="94"><net_src comp="14" pin="0"/><net_sink comp="86" pin=2"/></net>

<net id="95"><net_src comp="16" pin="0"/><net_sink comp="86" pin=3"/></net>

<net id="99"><net_src comp="86" pin="4"/><net_sink comp="96" pin=0"/></net>

<net id="104"><net_src comp="18" pin="0"/><net_sink comp="100" pin=0"/></net>

<net id="105"><net_src comp="96" pin="1"/><net_sink comp="100" pin=1"/></net>

<net id="112"><net_src comp="20" pin="0"/><net_sink comp="106" pin=0"/></net>

<net id="113"><net_src comp="100" pin="2"/><net_sink comp="106" pin=1"/></net>

<net id="114"><net_src comp="22" pin="0"/><net_sink comp="106" pin=2"/></net>

<net id="115"><net_src comp="24" pin="0"/><net_sink comp="106" pin=3"/></net>

<net id="122"><net_src comp="26" pin="0"/><net_sink comp="116" pin=0"/></net>

<net id="123"><net_src comp="100" pin="2"/><net_sink comp="116" pin=1"/></net>

<net id="124"><net_src comp="28" pin="0"/><net_sink comp="116" pin=2"/></net>

<net id="125"><net_src comp="24" pin="0"/><net_sink comp="116" pin=3"/></net>

<net id="130"><net_src comp="116" pin="4"/><net_sink comp="126" pin=0"/></net>

<net id="131"><net_src comp="30" pin="0"/><net_sink comp="126" pin=1"/></net>

<net id="138"><net_src comp="132" pin="1"/><net_sink comp="135" pin=0"/></net>

<net id="139"><net_src comp="135" pin="1"/><net_sink comp="52" pin=2"/></net>

<net id="145"><net_src comp="44" pin="0"/><net_sink comp="140" pin=1"/></net>

<net id="146"><net_src comp="59" pin="2"/><net_sink comp="140" pin=2"/></net>

<net id="150"><net_src comp="76" pin="1"/><net_sink comp="147" pin=0"/></net>

<net id="151"><net_src comp="147" pin="1"/><net_sink comp="80" pin=1"/></net>

<net id="155"><net_src comp="106" pin="4"/><net_sink comp="152" pin=0"/></net>

<net id="156"><net_src comp="152" pin="1"/><net_sink comp="132" pin=0"/></net>

<net id="160"><net_src comp="126" pin="2"/><net_sink comp="157" pin=0"/></net>

<net id="161"><net_src comp="157" pin="1"/><net_sink comp="140" pin=0"/></net>

<net id="165"><net_src comp="52" pin="3"/><net_sink comp="162" pin=0"/></net>

<net id="166"><net_src comp="162" pin="1"/><net_sink comp="59" pin=0"/></net>

</net_list>

</model> 
---------------- Datapath Model END ------------------

* FSMD analyzer results:
  - Output states:
	Port: data_V_read | {}
	Port: cosh_table7 | {}
 - Input state : 
	Port: invCosh.1 : data_V_read | {1 }
	Port: invCosh.1 : cosh_table7 | {6 7 }
  - Chain level:
	State 1
		r_V_tr : 1
		zext_cast : 2
		mul : 3
	State 2
	State 3
	State 4
	State 5
		tmp_231 : 1
		tmp_cast_cast : 2
		r_V : 3
		tmp_232 : 4
		tmp_233 : 4
		icmp : 5
	State 6
		tmp_196 : 1
		cosh_table7_addr : 2
		cosh_table7_load : 3
	State 7
		ssdm_int_V_write_ass : 1
		StgValue_30 : 2


============================================================
+ Verbose Summary: Datapath Resource usage 
============================================================

* Functional unit list:
|----------|-----------------------------|---------|---------|---------|
| Operation|       Functional Unit       |  DSP48E |    FF   |   LUT   |
|----------|-----------------------------|---------|---------|---------|
|    sub   |          r_V_fu_100         |    0    |    0    |    25   |
|----------|-----------------------------|---------|---------|---------|
|  select  | ssdm_int_V_write_ass_fu_140 |    0    |    0    |    11   |
|----------|-----------------------------|---------|---------|---------|
|    mul   |          grp_fu_80          |    2    |    0    |    0    |
|----------|-----------------------------|---------|---------|---------|
|   icmp   |         icmp_fu_126         |    0    |    0    |    1    |
|----------|-----------------------------|---------|---------|---------|
|   read   |   data_V_read_2_read_fu_46  |    0    |    0    |    0    |
|----------|-----------------------------|---------|---------|---------|
|   trunc  |          tmp_fu_64          |    0    |    0    |    0    |
|----------|-----------------------------|---------|---------|---------|
|bitconcatenate|         r_V_tr_fu_68        |    0    |    0    |    0    |
|----------|-----------------------------|---------|---------|---------|
|          |       zext_cast_fu_76       |    0    |    0    |    0    |
|   zext   |     tmp_cast_cast_fu_96     |    0    |    0    |    0    |
|          |        tmp_196_fu_135       |    0    |    0    |    0    |
|----------|-----------------------------|---------|---------|---------|
|          |        tmp_231_fu_86        |    0    |    0    |    0    |
|partselect|        tmp_232_fu_106       |    0    |    0    |    0    |
|          |        tmp_233_fu_116       |    0    |    0    |    0    |
|----------|-----------------------------|---------|---------|---------|
|   sext   |        tmp_198_fu_132       |    0    |    0    |    0    |
|----------|-----------------------------|---------|---------|---------|
|   Total  |                             |    2    |    0    |    37   |
|----------|-----------------------------|---------|---------|---------|

Memories:
N/A

* Register list:
+------------------------+--------+
|                        |   FF   |
+------------------------+--------+
|cosh_table7_addr_reg_162|   13   |
|      icmp_reg_157      |    1   |
|     tmp_232_reg_152    |   15   |
|    zext_cast_reg_147   |   49   |
+------------------------+--------+
|          Total         |   78   |
+------------------------+--------+

* Multiplexer (MUX) list: 
|------------------|------|------|------|--------||---------||---------|
|       Comp       |  Pin | Size |  BW  | S x BW ||  Delay  ||   LUT   |
|------------------|------|------|------|--------||---------||---------|
| grp_access_fu_59 |  p0  |   2  |  13  |   26   ||    13   |
|     grp_fu_80    |  p1  |   2  |  24  |   48   ||    24   |
|------------------|------|------|------|--------||---------||---------|
|       Total      |      |      |      |   74   ||  1.784  ||    37   |
|------------------|------|------|------|--------||---------||---------|



* Summary:
+-----------+--------+--------+--------+--------+
|           | DSP48E |  Delay |   FF   |   LUT  |
+-----------+--------+--------+--------+--------+
|  Function |    2   |    -   |    0   |   37   |
|   Memory  |    -   |    -   |    -   |    -   |
|Multiplexer|    -   |    1   |    -   |   37   |
|  Register |    -   |    -   |   78   |    -   |
+-----------+--------+--------+--------+--------+
|   Total   |    2   |    1   |   78   |   74   |
+-----------+--------+--------+--------+--------+
