

================================================================
== Vivado HLS Report for 'calc_phi_hw'
================================================================
* Date:           Thu Aug 23 18:08:00 2018

* Version:        2016.4 (Build 1756540 on Mon Jan 23 19:31:01 MST 2017)
* Project:        hls_calc_phi_hw
* Solution:       solution1
* Product family: virtex7
* Target device:  xc7vx690tffg1927-2


================================================================
== Performance Estimates
================================================================
+ Timing (ns): 
    * Summary: 
    +--------+-------+----------+------------+
    |  Clock | Target| Estimated| Uncertainty|
    +--------+-------+----------+------------+
    |ap_clk  |   4.11|      3.59|        0.51|
    +--------+-------+----------+------------+

+ Latency (clock cycles): 
    * Summary: 
    +-----+-----+-----+-----+----------+
    |  Latency  |  Interval | Pipeline |
    | min | max | min | max |   Type   |
    +-----+-----+-----+-----+----------+
    |   46|   46|   15|   15| function |
    +-----+-----+-----+-----+----------+

    + Detail: 
        * Instance: 
        +----------------------+-----------+-----+-----+-----+-----+----------+
        |                      |           |  Latency  |  Interval | Pipeline |
        |       Instance       |   Module  | min | max | min | max |   Type   |
        +----------------------+-----------+-----+-----+-----+-----+----------+
        |grp_phiOffSet_fu_150  |phiOffSet  |   42|   42|   15|   15| function |
        +----------------------+-----------+-----+-----+-----+-----+----------+

        * Loop: 
        N/A



================================================================
== Utilization Estimates
================================================================
* Summary: 
+-----------------+---------+-------+--------+--------+
|       Name      | BRAM_18K| DSP48E|   FF   |   LUT  |
+-----------------+---------+-------+--------+--------+
|DSP              |        -|      1|       -|       -|
|Expression       |        -|      -|       0|     956|
|FIFO             |        -|      -|       -|       -|
|Instance         |        2|     25|    4886|    9920|
|Memory           |        -|      -|       -|       -|
|Multiplexer      |        -|      -|       -|     193|
|Register         |        -|      -|     614|       -|
+-----------------+---------+-------+--------+--------+
|Total            |        2|     26|    5500|   11069|
+-----------------+---------+-------+--------+--------+
|Available        |     2940|   3600|  866400|  433200|
+-----------------+---------+-------+--------+--------+
|Utilization (%)  |    ~0   |   ~0  |   ~0   |       2|
+-----------------+---------+-------+--------+--------+

+ Detail: 
    * Instance: 
    +---------------------------+----------------------+---------+-------+------+------+
    |          Instance         |        Module        | BRAM_18K| DSP48E|  FF  |  LUT |
    +---------------------------+----------------------+---------+-------+------+------+
    |calc_phi_hw_dmul_dEe_x_U6  |calc_phi_hw_dmul_dEe  |        0|     11|   456|   238|
    |calc_phi_hw_sitodeOg_x_U7  |calc_phi_hw_sitodeOg  |        0|      0|   412|   461|
    |grp_phiOffSet_fu_150       |phiOffSet             |        2|     14|  4018|  9221|
    +---------------------------+----------------------+---------+-------+------+------+
    |Total                      |                      |        2|     25|  4886|  9920|
    +---------------------------+----------------------+---------+-------+------+------+

    * DSP48: 
    +-------------------------+----------------------+----------------+
    |         Instance        |        Module        |   Expression   |
    +-------------------------+----------------------+----------------+
    |calc_phi_hw_am_adfYi_U8  |calc_phi_hw_am_adfYi  | (i0 + i1) * i2 |
    +-------------------------+----------------------+----------------+

    * Memory: 
    N/A

    * FIFO: 
    N/A

    * Expression: 
    +-------------------------------+----------+-------+---+-----+------------+------------+
    |         Variable Name         | Operation| DSP48E| FF| LUT | Bitwidth P0| Bitwidth P1|
    +-------------------------------+----------+-------+---+-----+------------+------------+
    |grp_phiOffSet_fu_150_sector_V  |     +    |      0|  0|    6|           6|           2|
    |ret_V_1_fu_543_p2              |     +    |      0|  0|   23|           1|          23|
    |tmp_13_fu_430_p2               |     +    |      0|  0|   12|          12|           6|
    |tmp_s_fu_285_p2                |     +    |      0|  0|   12|          12|           6|
    |F2_1_fu_273_p2                 |     -    |      0|  0|   12|          11|          12|
    |F2_fu_418_p2                   |     -    |      0|  0|   12|          11|          12|
    |man_V_1_fu_398_p2              |     -    |      0|  0|   54|           1|          54|
    |man_V_4_fu_253_p2              |     -    |      0|  0|   54|           1|          54|
    |op2_fu_186_p2                  |     -    |      0|  0|   19|           1|          19|
    |tmp_14_fu_436_p2               |     -    |      0|  0|   12|           5|          12|
    |tmp_18_fu_291_p2               |     -    |      0|  0|   12|           5|          12|
    |tmp_27_fu_485_p2               |   ashr   |      0|  0|  178|          54|          54|
    |tmp_30_fu_340_p2               |   ashr   |      0|  0|  178|          54|          54|
    |tmp_10_fu_267_p2               |   icmp   |      0|  0|   22|          63|           1|
    |tmp_12_fu_424_p2               |   icmp   |      0|  0|    5|          12|           5|
    |tmp_15_fu_450_p2               |   icmp   |      0|  0|    5|          12|           5|
    |tmp_17_fu_279_p2               |   icmp   |      0|  0|    5|          12|           5|
    |tmp_19_fu_305_p2               |   icmp   |      0|  0|    5|          12|           5|
    |tmp_22_fu_476_p2               |   icmp   |      0|  0|    5|          12|           6|
    |tmp_23_fu_465_p2               |   icmp   |      0|  0|    5|          12|           5|
    |tmp_24_fu_331_p2               |   icmp   |      0|  0|    5|          12|           6|
    |tmp_25_fu_320_p2               |   icmp   |      0|  0|    5|          12|           5|
    |tmp_34_fu_537_p2               |   icmp   |      0|  0|    6|          16|           1|
    |tmp_5_fu_412_p2                |   icmp   |      0|  0|   22|          63|           1|
    |man_V_2_fu_404_p3              |  select  |      0|  0|   54|           1|          54|
    |man_V_5_fu_259_p3              |  select  |      0|  0|   54|           1|          54|
    |p_2_fu_504_p3                  |  select  |      0|  0|    2|           1|           2|
    |p_3_fu_497_p3                  |  select  |      0|  0|    2|           1|           2|
    |p_s_fu_548_p3                  |  select  |      0|  0|   23|           1|          23|
    |sh_amt_1_fu_297_p3             |  select  |      0|  0|   12|           1|          12|
    |sh_amt_fu_442_p3               |  select  |      0|  0|   12|           1|          12|
    |tmp_28_fu_470_p2               |    shl   |      0|  0|   48|          19|          19|
    |tmp_31_fu_325_p2               |    shl   |      0|  0|   48|          19|          19|
    |r_V_fu_180_p2                  |    xor   |      0|  0|   27|          19|          20|
    +-------------------------------+----------+-------+---+-----+------------+------------+
    |Total                          |          |      0|  0|  956|         476|         582|
    +-------------------------------+----------+-------+---+-----+------------+------------+

    * Multiplexer: 
    +-------------------------------------------------+----+-----------+-----+-----------+
    |                       Name                      | LUT| Input Size| Bits| Total Bits|
    +-------------------------------------------------+----+-----------+-----+-----------+
    |ap_NS_fsm                                        |  10|         16|    1|         16|
    |ap_enable_reg_pp0_iter0                          |   1|          2|    1|          2|
    |ap_enable_reg_pp0_iter3                          |   1|          2|    1|          2|
    |ap_phi_precharge_reg_pp0_iter1_p_Val2_2_reg_105  |  38|         10|   19|        190|
    |ap_phi_precharge_reg_pp0_iter3_p_1_reg_140       |  23|          2|   23|         46|
    |grp_fu_155_p0                                    |  64|          3|   64|        192|
    |grp_fu_160_p0                                    |  32|          3|   32|         96|
    |grp_phiOffSet_fu_150_ap_start                    |   1|          2|    1|          2|
    |p_1_phi_fu_143_p4                                |  23|          2|   23|         46|
    +-------------------------------------------------+----+-----------+-----+-----------+
    |Total                                            | 193|         42|  165|        592|
    +-------------------------------------------------+----+-----------+-----+-----------+

    * Register: 
    +-------------------------------------------------+----+----+-----+-----------+
    |                       Name                      | FF | LUT| Bits| Const Bits|
    +-------------------------------------------------+----+----+-----+-----------+
    |ap_CS_fsm                                        |  15|   0|   15|          0|
    |ap_enable_reg_pp0_iter0_preg                     |   1|   0|    1|          0|
    |ap_enable_reg_pp0_iter1                          |   1|   0|    1|          0|
    |ap_enable_reg_pp0_iter2                          |   1|   0|    1|          0|
    |ap_enable_reg_pp0_iter3                          |   1|   0|    1|          0|
    |ap_phi_precharge_reg_pp0_iter1_p_Val2_2_reg_105  |  19|   0|   19|          0|
    |ap_phi_precharge_reg_pp0_iter3_p_1_reg_140       |  23|   0|   23|          0|
    |ap_pipeline_reg_pp0_iter1_tmp_reg_566            |   1|   0|    1|          0|
    |ap_pipeline_reg_pp0_iter2_p_Val2_2_reg_105       |  19|   0|   19|          0|
    |isneg_1_reg_595                                  |   1|   0|    1|          0|
    |isneg_reg_650                                    |   1|   0|    1|          0|
    |man_V_2_reg_655                                  |  54|   0|   54|          0|
    |man_V_5_reg_600                                  |  54|   0|   54|          0|
    |offset_V_reg_715                                 |  19|   0|   19|          0|
    |op2_reg_575                                      |  19|   0|   19|          0|
    |p_Val2_2_reg_105                                 |  19|   0|   19|          0|
    |reg_163                                          |  64|   0|   64|          0|
    |sh_amt_1_reg_615                                 |  12|   0|   12|          0|
    |sh_amt_reg_670                                   |  12|   0|   12|          0|
    |tmp_102_reg_695                                  |  19|   0|   19|          0|
    |tmp_103_reg_640                                  |  19|   0|   19|          0|
    |tmp_104_reg_727                                  |   1|   0|    1|          0|
    |tmp_10_reg_607                                   |   1|   0|    1|          0|
    |tmp_12_reg_666                                   |   1|   0|    1|          0|
    |tmp_15_reg_678                                   |   1|   0|    1|          0|
    |tmp_17_reg_611                                   |   1|   0|    1|          0|
    |tmp_19_reg_623                                   |   1|   0|    1|          0|
    |tmp_1_reg_590                                    |  64|   0|   64|          0|
    |tmp_22_reg_691                                   |   1|   0|    1|          0|
    |tmp_23_reg_682                                   |   1|   0|    1|          0|
    |tmp_24_reg_636                                   |   1|   0|    1|          0|
    |tmp_25_reg_627                                   |   1|   0|    1|          0|
    |tmp_28_reg_686                                   |  19|   0|   19|          0|
    |tmp_31_reg_631                                   |  19|   0|   19|          0|
    |tmp_34_reg_731                                   |   1|   0|    1|          0|
    |tmp_4_reg_720                                    |  23|   0|   23|          0|
    |tmp_5_reg_662                                    |   1|   0|    1|          0|
    |tmp_6_reg_585                                    |  64|   0|   64|          0|
    |tmp_98_reg_700                                   |  19|   0|   19|          0|
    |tmp_99_reg_645                                   |  19|   0|   19|          0|
    |tmp_reg_566                                      |   1|   0|    1|          0|
    +-------------------------------------------------+----+----+-----+-----------+
    |Total                                            | 614|   0|  614|          0|
    +-------------------------------------------------+----+----+-----+-----------+



================================================================
== Interface
================================================================
* Summary: 
+----------------------+-----+-----+------------+---------------+--------------+
|       RTL Ports      | Dir | Bits|  Protocol  | Source Object |    C Type    |
+----------------------+-----+-----+------------+---------------+--------------+
|ap_clk                |  in |    1| ap_ctrl_hs |  calc_phi_hw  | return value |
|ap_rst                |  in |    1| ap_ctrl_hs |  calc_phi_hw  | return value |
|ap_start              |  in |    1| ap_ctrl_hs |  calc_phi_hw  | return value |
|ap_done               | out |    1| ap_ctrl_hs |  calc_phi_hw  | return value |
|ap_idle               | out |    1| ap_ctrl_hs |  calc_phi_hw  | return value |
|ap_ready              | out |    1| ap_ctrl_hs |  calc_phi_hw  | return value |
|hwPhi_V               |  in |   19|   ap_none  |    hwPhi_V    |    scalar    |
|hwSector_V            |  in |    5|   ap_none  |   hwSector_V  |    scalar    |
|hwPhiGlobal_V         | out |   23|   ap_vld   | hwPhiGlobal_V |    pointer   |
|hwPhiGlobal_V_ap_vld  | out |    1|   ap_vld   | hwPhiGlobal_V |    pointer   |
+----------------------+-----+-----+------------+---------------+--------------+

